Component: ARM Compiler 5.06 update 7 (build 960) Tool: armlink [4d3601]

==============================================================================

Section Cross References

    main.o(i.main) refers to system.o(i.init_system) for init_system
    main.o(i.main) refers to mag3110.o(i.I2C_init) for I2C_init
    main.o(i.main) refers to mag3110.o(i.MAG_init) for MAG_init
    main.o(i.main) refers to lcd.o(i.LCD_Init) for LCD_Init
    main.o(i.main) refers to mag3110.o(i.MAG_read) for MAG_read
    main.o(i.main) refers to mag3110.o(i.delay) for delay
    main.o(i.main) refers to fflti.o(.text) for __aeabi_i2f
    main.o(i.main) refers to fdiv.o(.text) for __aeabi_fdiv
    main.o(i.main) refers to fmul.o(x$fpl$fmul) for __aeabi_fmul
    main.o(i.main) refers to f2d.o(.text) for __aeabi_f2d
    main.o(i.main) refers to atan2.o(i.atan2) for atan2
    main.o(i.main) refers to dmul.o(.text) for __aeabi_dmul
    main.o(i.main) refers to ddiv.o(.text) for __aeabi_ddiv
    main.o(i.main) refers to dfixi.o(.text) for __aeabi_d2iz
    main.o(i.main) refers to lcd.o(i.LCD_Number) for LCD_Number
    main.o(i.main) refers to main.o(.data) for .data
    mag3110.o(i.MAG3110_read) refers to mag3110.o(i.I2C_write_byte) for I2C_write_byte
    mag3110.o(i.MAG3110_read) refers to mag3110.o(i.I2C_read_byte) for I2C_read_byte
    mag3110.o(i.MAG3110_read) refers to mag3110.o(i.delay) for delay
    mag3110.o(i.MAG3110_write) refers to mag3110.o(i.I2C_write_byte) for I2C_write_byte
    mag3110.o(i.MAG3110_write) refers to mag3110.o(i.delay) for delay
    mag3110.o(i.MAG_init) refers to mag3110.o(i.MAG3110_write) for MAG3110_write
    mag3110.o(i.MAG_read) refers to mag3110.o(i.MAG3110_read) for MAG3110_read
    mag3110.o(i.delay) refers to mag3110.o(.data) for .data
    system.o(i.PORTC_PORTD_IRQHandler) refers to main.o(.data) for system_state
    system.o(i.SysTick_Handler) refers to system.o(i.control_LEDs) for control_LEDs
    system.o(i.SysTick_Handler) refers to system.o(.data) for .data
    system.o(i.control_LEDs) refers to main.o(.data) for system_state
    system.o(i.control_LEDs) refers to system.o(.data) for .data
    system.o(i.init_system) refers to system.o(i.__NVIC_SetPriority) for __NVIC_SetPriority
    system.o(i.init_system) refers to aeabi_sdiv.o(.text) for __aeabi_uidivmod
    system.o(i.init_system) refers to system_mkl46z4.o(.data) for SystemCoreClock
    lcd.o(i.LCD_Clear) refers to lcd.o(.data) for .data
    lcd.o(i.LCD_Number) refers to aeabi_sdiv.o(.text) for __aeabi_uidivmod
    lcd.o(i.LCD_Number) refers to lcd.o(i.LCD_Print) for LCD_Print
    lcd.o(i.LCD_Print) refers to lcd.o(.data) for .data
    fsl_clock.o(i.CLOCK_BootToBlpeMode) refers to fsl_clock.o(i.CLOCK_SetExternalRefClkConfig) for CLOCK_SetExternalRefClkConfig
    fsl_clock.o(i.CLOCK_BootToBlpiMode) refers to fsl_clock.o(i.CLOCK_SetInternalRefClkConfig) for CLOCK_SetInternalRefClkConfig
    fsl_clock.o(i.CLOCK_BootToFeeMode) refers to fsl_clock.o(i.CLOCK_SetExternalRefClkConfig) for CLOCK_SetExternalRefClkConfig
    fsl_clock.o(i.CLOCK_BootToFeeMode) refers to fsl_clock.o(i.CLOCK_SetFeeMode) for CLOCK_SetFeeMode
    fsl_clock.o(i.CLOCK_BootToFeiMode) refers to fsl_clock.o(i.CLOCK_SetFeiMode) for CLOCK_SetFeiMode
    fsl_clock.o(i.CLOCK_BootToPeeMode) refers to fsl_clock.o(i.CLOCK_SetExternalRefClkConfig) for CLOCK_SetExternalRefClkConfig
    fsl_clock.o(i.CLOCK_BootToPeeMode) refers to fsl_clock.o(i.CLOCK_SetPbeMode) for CLOCK_SetPbeMode
    fsl_clock.o(i.CLOCK_BootToPeeMode) refers to assert.o(.text) for __aeabi_assert
    fsl_clock.o(i.CLOCK_BootToPeeMode) refers to fsl_clock.o(.conststring) for .conststring
    fsl_clock.o(i.CLOCK_CalcPllDiv) refers to aeabi_sdiv.o(.text) for __aeabi_uidivmod
    fsl_clock.o(i.CLOCK_EnablePll0) refers to assert.o(.text) for __aeabi_assert
    fsl_clock.o(i.CLOCK_EnablePll0) refers to fsl_clock.o(.conststring) for .conststring
    fsl_clock.o(i.CLOCK_GetBusClkFreq) refers to fsl_clock.o(i.CLOCK_GetOutClkFreq) for CLOCK_GetOutClkFreq
    fsl_clock.o(i.CLOCK_GetBusClkFreq) refers to aeabi_sdiv.o(.text) for __aeabi_uidivmod
    fsl_clock.o(i.CLOCK_GetCoreSysClkFreq) refers to fsl_clock.o(i.CLOCK_GetOutClkFreq) for CLOCK_GetOutClkFreq
    fsl_clock.o(i.CLOCK_GetCoreSysClkFreq) refers to aeabi_sdiv.o(.text) for __aeabi_uidivmod
    fsl_clock.o(i.CLOCK_GetEr32kClkFreq) refers to fsl_clock.o(i.CLOCK_GetOsc0ErClkFreq) for CLOCK_GetOsc0ErClkFreq
    fsl_clock.o(i.CLOCK_GetEr32kClkFreq) refers to assert.o(.text) for __aeabi_assert
    fsl_clock.o(i.CLOCK_GetEr32kClkFreq) refers to fsl_clock.o(.data) for .data
    fsl_clock.o(i.CLOCK_GetEr32kClkFreq) refers to fsl_clock.o(.conststring) for .conststring
    fsl_clock.o(i.CLOCK_GetFixedFreqClkFreq) refers to fsl_clock.o(i.CLOCK_GetFllRefClkFreq) for CLOCK_GetFllRefClkFreq
    fsl_clock.o(i.CLOCK_GetFixedFreqClkFreq) refers to fsl_clock.o(i.CLOCK_GetOutClkFreq) for CLOCK_GetOutClkFreq
[...]
    __rtentry2.o(.ARM.exidx) refers to __rtentry2.o(.ARM.Collect$$rtentry$$0000000A) for .ARM.Collect$$rtentry$$0000000A
    __rtentry2.o(.ARM.exidx) refers to __rtentry2.o(.ARM.Collect$$rtentry$$0000000B) for .ARM.Collect$$rtentry$$0000000B
    __rtentry2.o(.ARM.exidx) refers to __rtentry2.o(.ARM.Collect$$rtentry$$0000000D) for .ARM.Collect$$rtentry$$0000000D
    __rtentry4.o(.ARM.Collect$$rtentry$$00000004) refers to sys_stackheap_outer.o(.text) for __user_setup_stackheap
    __rtentry4.o(.ARM.exidx) refers to __rtentry4.o(.ARM.Collect$$rtentry$$00000004) for .ARM.Collect$$rtentry$$00000004
    __rtentry7.o(.ARM.Collect$$rtentry$$00000007) refers to __rtentry7.o(.ARM.Collect$$rtentry$$00002718) for __lit__00000000
    __rtentry7.o(__vectab_stack_and_reset_2_area) refers to __main.o(!!!main) for __main
    __rtentry7.o(.ARM.exidx) refers to __rtentry7.o(.ARM.Collect$$rtentry$$00000007) for .ARM.Collect$$rtentry$$00000007
    __rtentry7.o(.ARM.exidx) refers to __rtentry7.o(.ARM.Collect$$rtentry$$00002718) for .ARM.Collect$$rtentry$$00002718
    rt_div0.o(.text) refers to defsig_fpe_outer.o(.text) for __rt_SIGFPE
    rt_errno_addr.o(.text) refers to rt_errno_addr.o(.bss) for __aeabi_errno_addr_data
    rt_errno_addr_intlibspace.o(.text) refers to libspace.o(.bss) for __libspace_start
    maybetermalloc2.o(.emb_text) refers (Special) to term_alloc.o(.text) for _terminate_alloc
    h1_extend.o(.text) refers to h1_free.o(.text) for free
    h1_extend_mt.o(.text) refers to h1_free_mt.o(.text) for _free_internal
    defsig_abrt_outer.o(.text) refers to defsig_abrt_inner.o(.text) for __rt_SIGABRT_inner
    defsig_abrt_outer.o(.text) refers to defsig_exit.o(.text) for __sig_exit
    defsig_abrt_formal.o(.text) refers to rt_raise.o(.text) for __rt_raise
    defsig_rtmem_outer.o(.text) refers to defsig_rtmem_inner.o(.text) for __rt_SIGRTMEM_inner
    defsig_rtmem_outer.o(.text) refers to defsig_exit.o(.text) for __sig_exit
    defsig_rtmem_formal.o(.text) refers to rt_raise.o(.text) for __rt_raise
    heapauxa.o(.text) refers to heapauxa.o(.data) for .data
    dcmpin.o(.text) refers (Special) to usenofp.o(x$fpl$usenofp) for __I$use$fp
    dcmpin.o(.text) refers to cmpret.o(.text) for __fpl_cmpreturn
    dcmpin.o(.text) refers to dnan2.o(.text) for __fpl_dcheck_NaN2
    dscalbn.o(.text) refers (Special) to usenofp.o(x$fpl$usenofp) for __I$use$fp
    fpclassify.o(i.__ARM_fpclassify) refers (Special) to usenofp.o(x$fpl$usenofp) for __I$use$fp
    poly.o(i.__kernel_poly) refers (Special) to usenofp.o(x$fpl$usenofp) for __I$use$fp
    poly.o(i.__kernel_poly) refers to dmul.o(.text) for __aeabi_dmul
    poly.o(i.__kernel_poly) refers to daddsub.o(.text) for __aeabi_dadd
    sys_stackheap_outer.o(.text) refers to libspace.o(.text) for __user_perproc_libspace
    sys_stackheap_outer.o(.text) refers to sys_stackheap.o(.text) for __user_initial_stackheap
    sys_stackheap_outer.o(__vectab_stack_and_reset_area) refers to tempstk.o(.text) for __temporary_stack_top
    sys_stackheap_outer.o(__vectab_stack_and_reset_area) refers to __main.o(!!!main) for __main
    rt_raise.o(.text) refers to __raise.o(.text) for __raise
    rt_raise.o(.text) refers to sys_exit.o(.text) for _sys_exit
    term_alloc.o(.text) refers (Special) to libshutdown2.o(.ARM.Collect$$libshutdown$$00000010) for __rt_lib_shutdown_heap_2
    term_alloc.o(.text) refers to rt_heap_descriptor_intlibspace.o(.text) for __rt_heap_descriptor
    exit.o(.text) refers to rtexit.o(.ARM.Collect$$rtexit$$00000000) for __rt_exit
    defsig_exit.o(.text) refers to sys_exit.o(.text) for _sys_exit
    defsig_abrt_inner.o(.text) refers to defsig_general.o(.text) for __default_signal_display
    defsig_fpe_outer.o(.text) refers to defsig_fpe_inner.o(.text) for __rt_SIGFPE_inner
    defsig_fpe_outer.o(.text) refers to defsig_exit.o(.text) for __sig_exit
    defsig_fpe_formal.o(.text) refers to rt_raise.o(.text) for __rt_raise
    defsig_rtmem_inner.o(.text) refers to defsig_general.o(.text) for __default_signal_display
    _get_argv_nomalloc.o(.text) refers (Special) to hrguard.o(.text) for __heap_region$guard
    _get_argv_nomalloc.o(.text) refers to defsig_rtmem_outer.o(.text) for __rt_SIGRTMEM
    _get_argv_nomalloc.o(.text) refers to sys_command.o(.text) for _sys_command_string
    libinit.o(.ARM.Collect$$libinit$$00000000) refers (Special) to libinit2.o(.ARM.Collect$$libinit$$0000002E) for __rt_lib_init_alloca_1
    libinit.o(.ARM.Collect$$libinit$$00000000) refers (Special) to libinit2.o(.ARM.Collect$$libinit$$0000002C) for __rt_lib_init_argv_1
    libinit.o(.ARM.Collect$$libinit$$00000000) refers (Special) to libinit2.o(.ARM.Collect$$libinit$$0000001B) for __rt_lib_init_atexit_1
    libinit.o(.ARM.Collect$$libinit$$00000000) refers (Special) to libinit2.o(.ARM.Collect$$libinit$$00000021) for __rt_lib_init_clock_1
    libinit.o(.ARM.Collect$$libinit$$00000000) refers (Special) to libinit2.o(.ARM.Collect$$libinit$$00000032) for __rt_lib_init_cpp_1
    libinit.o(.ARM.Collect$$libinit$$00000000) refers (Special) to libinit2.o(.ARM.Collect$$libinit$$00000030) for __rt_lib_init_exceptions_1
    libinit.o(.ARM.Collect$$libinit$$00000000) refers (Special) to libinit2.o(.ARM.Collect$$libinit$$00000002) for __rt_lib_init_fp_1
    libinit.o(.ARM.Collect$$libinit$$00000000) refers (Special) to libinit2.o(.ARM.Collect$$libinit$$0000001F) for __rt_lib_init_fp_trap_1
    libinit.o(.ARM.Collect$$libinit$$00000000) refers (Special) to libinit2.o(.ARM.Collect$$libinit$$00000023) for __rt_lib_init_getenv_1
    libinit.o(.ARM.Collect$$libinit$$00000000) refers (Special) to libinit2.o(.ARM.Collect$$libinit$$0000000A) for __rt_lib_init_heap_1
    libinit.o(.ARM.Collect$$libinit$$00000000) refers (Special) to libinit2.o(.ARM.Collect$$libinit$$00000011) for __rt_lib_init_lc_collate_1
    libinit.o(.ARM.Collect$$libinit$$00000000) refers (Special) to libinit2.o(.ARM.Collect$$libinit$$00000013) for __rt_lib_init_lc_ctype_1
    libinit.o(.ARM.Collect$$libinit$$00000000) refers (Special) to libinit2.o(.ARM.Collect$$libinit$$00000015) for __rt_lib_init_lc_monetary_1
    libinit.o(.ARM.Collect$$libinit$$00000000) refers (Special) to libinit2.o(.ARM.Collect$$libinit$$00000017) for __rt_lib_init_lc_numeric_1
    libinit.o(.ARM.Collect$$libinit$$00000000) refers (Special) to libinit2.o(.ARM.Collect$$libinit$$00000019) for __rt_lib_init_lc_time_1
    libinit.o(.ARM.Collect$$libinit$$00000000) refers (Special) to libinit2.o(.ARM.Collect$$libinit$$00000004) for __rt_lib_init_preinit_1
    libinit.o(.ARM.Collect$$libinit$$00000000) refers (Special) to libinit2.o(.ARM.Collect$$libinit$$0000000E) for __rt_lib_init_rand_1
    libinit.o(.ARM.Collect$$libinit$$00000000) refers (Special) to libinit2.o(.ARM.Collect$$libinit$$00000033) for __rt_lib_init_return
    libinit.o(.ARM.Collect$$libinit$$00000000) refers (Special) to libinit2.o(.ARM.Collect$$libinit$$0000001D) for __rt_lib_init_signal_1
    libinit.o(.ARM.Collect$$libinit$$00000000) refers (Special) to libinit2.o(.ARM.Collect$$libinit$$00000025) for __rt_lib_init_stdio_1
    libinit.o(.ARM.Collect$$libinit$$00000000) refers (Special) to libinit2.o(.ARM.Collect$$libinit$$0000000C) for __rt_lib_init_user_alloc_1
    cmpret.o(.text) refers (Special) to usenofp.o(x$fpl$usenofp) for __I$use$fp
    dnan2.o(.text) refers (Special) to usenofp.o(x$fpl$usenofp) for __I$use$fp
    dnan2.o(.text) refers to retnan.o(.text) for __fpl_return_NaN
    sys_stackheap.o(.text) refers (Special) to indicate_semi.o(.text) for __semihosting_library_function
    sys_stackheap.o(.text) refers to use_no_semi.o(.text) for __I$use$semihosting
    rtexit.o(.ARM.Collect$$rtexit$$00000000) refers (Special) to rtexit2.o(.ARM.Collect$$rtexit$$00000004) for __rt_exit_exit
    rtexit.o(.ARM.Collect$$rtexit$$00000000) refers (Special) to rtexit2.o(.ARM.Collect$$rtexit$$00000003) for __rt_exit_ls
    rtexit.o(.ARM.Collect$$rtexit$$00000000) refers (Special) to rtexit2.o(.ARM.Collect$$rtexit$$00000002) for __rt_exit_prels_1
    rtexit.o(.ARM.exidx) refers (Special) to rtexit2.o(.ARM.Collect$$rtexit$$00000004) for __rt_exit_exit
    rtexit.o(.ARM.exidx) refers (Special) to rtexit2.o(.ARM.Collect$$rtexit$$00000003) for __rt_exit_ls
    rtexit.o(.ARM.exidx) refers (Special) to rtexit2.o(.ARM.Collect$$rtexit$$00000002) for __rt_exit_prels_1
    rtexit.o(.ARM.exidx) refers to rtexit.o(.ARM.Collect$$rtexit$$00000000) for .ARM.Collect$$rtexit$$00000000
    __raise.o(.text) refers to defsig.o(CL$$defsig) for __default_signal_handler
    defsig_general.o(.text) refers to sys_wrch.o(.text) for _ttywrch
    defsig_fpe_inner.o(.text) refers to defsig_general.o(.text) for __default_signal_display
    libinit5.o(.ARM.Collect$$libinit$$00000008) refers to libinit5.o(.ARM.Collect$$libinit$$00002719) for __lit__00000000
    libinit5.o(.ARM.Collect$$libinit$$00000008) refers (Weak) to init_alloc.o(.text) for _init_alloc
    libinit5.o(.ARM.Collect$$libinit$$0000002A) refers to libinit5.o(.ARM.Collect$$libinit$$0000273B) for __lit__00000002
    libinit5.o(.ARM.Collect$$libinit$$0000002A) refers to argv_veneer.o(.text) for __ARM_argv_veneer
    libshutdown2.o(.ARM.Collect$$libshutdown$$0000000F) refers (Weak) to term_alloc.o(.text) for _terminate_alloc
    retnan.o(.text) refers (Special) to usenofp.o(x$fpl$usenofp) for __I$use$fp
    retnan.o(.text) refers to cmpret.o(.text) for __fpl_cmpreturn
    rtexit2.o(.ARM.Collect$$rtexit$$00000003) refers to libshutdown.o(.ARM.Collect$$libshutdown$$00000000) for __rt_lib_shutdown
    rtexit2.o(.ARM.Collect$$rtexit$$00000004) refers to sys_exit.o(.text) for _sys_exit
    rtexit2.o(.ARM.exidx) refers to rtexit2.o(.ARM.Collect$$rtexit$$00000001) for .ARM.Collect$$rtexit$$00000001
    rtexit2.o(.ARM.exidx) refers to rtexit2.o(.ARM.Collect$$rtexit$$00000003) for .ARM.Collect$$rtexit$$00000003
    rtexit2.o(.ARM.exidx) refers to rtexit2.o(.ARM.Collect$$rtexit$$00000004) for .ARM.Collect$$rtexit$$00000004
    defsig.o(CL$$defsig) refers to defsig_abrt_inner.o(.text) for __rt_SIGABRT_inner
    defsig.o(CL$$defsig) refers to defsig_fpe_inner.o(.text) for __rt_SIGFPE_inner
    defsig.o(CL$$defsig) refers to defsig_rtmem_inner.o(.text) for __rt_SIGRTMEM_inner
    defsig_rtred_inner.o(.text) refers to defsig_general.o(.text) for __default_signal_display
    defsig_stak_inner.o(.text) refers to defsig_general.o(.text) for __default_signal_display
    defsig_pvfn_inner.o(.text) refers to defsig_general.o(.text) for __default_signal_display
    defsig_cppl_inner.o(.text) refers to defsig_general.o(.text) for __default_signal_display
    defsig_segv_inner.o(.text) refers to defsig_general.o(.text) for __default_signal_display
    defsig_other.o(.text) refers to defsig_general.o(.text) for __default_signal_display
    libshutdown.o(.ARM.Collect$$libshutdown$$00000000) refers (Special) to libshutdown2.o(.ARM.Collect$$libshutdown$$00000004) for __rt_lib_shutdown_cpp_1
    libshutdown.o(.ARM.Collect$$libshutdown$$00000000) refers (Special) to libshutdown2.o(.ARM.Collect$$libshutdown$$00000002) for __rt_lib_shutdown_fini_1
    libshutdown.o(.ARM.Collect$$libshutdown$$00000000) refers (Special) to libshutdown2.o(.ARM.Collect$$libshutdown$$00000009) for __rt_lib_shutdown_fp_trap_1
    libshutdown.o(.ARM.Collect$$libshutdown$$00000000) refers (Special) to libshutdown2.o(.ARM.Collect$$libshutdown$$00000011) for __rt_lib_shutdown_heap_1
    libshutdown.o(.ARM.Collect$$libshutdown$$00000000) refers (Special) to libshutdown2.o(.ARM.Collect$$libshutdown$$00000012) for __rt_lib_shutdown_return
    libshutdown.o(.ARM.Collect$$libshutdown$$00000000) refers (Special) to libshutdown2.o(.ARM.Collect$$libshutdown$$0000000C) for __rt_lib_shutdown_signal_1
    libshutdown.o(.ARM.Collect$$libshutdown$$00000000) refers (Special) to libshutdown2.o(.ARM.Collect$$libshutdown$$00000006) for __rt_lib_shutdown_stdio_1
    libshutdown.o(.ARM.Collect$$libshutdown$$00000000) refers (Special) to libshutdown2.o(.ARM.Collect$$libshutdown$$0000000E) for __rt_lib_shutdown_user_alloc_1


==============================================================================

Removing Unused input sections from the image.

    Removing main.o(.rev16_text), (4 bytes).
    Removing main.o(.revsh_text), (4 bytes).
    Removing mag3110.o(.rev16_text), (4 bytes).
    Removing mag3110.o(.revsh_text), (4 bytes).
    Removing system.o(.rev16_text), (4 bytes).
    Removing system.o(.revsh_text), (4 bytes).
    Removing lcd.o(.rev16_text), (4 bytes).
    Removing lcd.o(.revsh_text), (4 bytes).
    Removing lcd.o(i.LCD_Clear), (40 bytes).
    Removing fsl_clock.o(.rev16_text), (4 bytes).
    Removing fsl_clock.o(.revsh_text), (4 bytes).
    Removing fsl_clock.o(i.CLOCK_BootToBlpeMode), (56 bytes).
    Removing fsl_clock.o(i.CLOCK_BootToBlpiMode), (52 bytes).
    Removing fsl_clock.o(i.CLOCK_BootToFeeMode), (22 bytes).
    Removing fsl_clock.o(i.CLOCK_BootToFeiMode), (8 bytes).
    Removing fsl_clock.o(i.CLOCK_BootToPeeMode), (76 bytes).
    Removing fsl_clock.o(i.CLOCK_CalcPllDiv), (208 bytes).
    Removing fsl_clock.o(i.CLOCK_ClearStatusFlags), (28 bytes).
    Removing fsl_clock.o(i.CLOCK_DeinitOsc0), (28 bytes).
    Removing fsl_clock.o(i.CLOCK_EnablePll0), (80 bytes).
    Removing fsl_clock.o(i.CLOCK_EnableUsbfs0Clock), (68 bytes).
    Removing fsl_clock.o(i.CLOCK_ExternalModeToFbeModeQuick), (52 bytes).
    Removing fsl_clock.o(i.CLOCK_FllStableDelay), (24 bytes).
    Removing fsl_clock.o(i.CLOCK_GetBusClkFreq), (36 bytes).
    Removing fsl_clock.o(i.CLOCK_GetCoreSysClkFreq), (24 bytes).
    Removing fsl_clock.o(i.CLOCK_GetEr32kClkFreq), (96 bytes).
    Removing fsl_clock.o(i.CLOCK_GetFixedFreqClkFreq), (30 bytes).
    Removing fsl_clock.o(i.CLOCK_GetFlashClkFreq), (36 bytes).
    Removing fsl_clock.o(i.CLOCK_GetFllExtRefClkFreq), (76 bytes).
    Removing fsl_clock.o(i.CLOCK_GetFllFreq), (60 bytes).
    Removing fsl_clock.o(i.CLOCK_GetFllRefClkFreq), (32 bytes).
    Removing fsl_clock.o(i.CLOCK_GetFreq), (128 bytes).
    Removing fsl_clock.o(i.CLOCK_GetInternalRefClkFreq), (24 bytes).
    Removing fsl_clock.o(i.CLOCK_GetInternalRefClkSelectFreq), (36 bytes).
    Removing fsl_clock.o(i.CLOCK_GetMcgExtClkFreq), (44 bytes).
    Removing fsl_clock.o(i.CLOCK_GetMode), (100 bytes).
    Removing fsl_clock.o(i.CLOCK_GetOsc0ErClkFreq), (60 bytes).
    Removing fsl_clock.o(i.CLOCK_GetOscRangeFromFreq), (32 bytes).
    Removing fsl_clock.o(i.CLOCK_GetOutClkFreq), (60 bytes).
    Removing fsl_clock.o(i.CLOCK_GetPlatClkFreq), (24 bytes).
    Removing fsl_clock.o(i.CLOCK_GetPll0Freq), (80 bytes).
    Removing fsl_clock.o(i.CLOCK_GetPll0RefFreq), (8 bytes).
    Removing fsl_clock.o(i.CLOCK_GetPllFllSelClkFreq), (40 bytes).
    Removing fsl_clock.o(i.CLOCK_GetStatusFlags), (44 bytes).
    Removing fsl_clock.o(i.CLOCK_InitOsc0), (88 bytes).
    Removing fsl_clock.o(i.CLOCK_InternalModeToFbiModeQuick), (40 bytes).
    Removing fsl_clock.o(i.CLOCK_SetBlpeMode), (20 bytes).
    Removing fsl_clock.o(i.CLOCK_SetBlpiMode), (20 bytes).
    Removing fsl_clock.o(i.CLOCK_SetExternalRefClkConfig), (4 bytes).
    Removing fsl_clock.o(i.CLOCK_SetFbeMode), (112 bytes).
    Removing fsl_clock.o(i.CLOCK_SetFbiMode), (100 bytes).
    Removing fsl_clock.o(i.CLOCK_SetFeeMode), (112 bytes).
    Removing fsl_clock.o(i.CLOCK_SetFeiMode), (88 bytes).
    Removing fsl_clock.o(i.CLOCK_SetInternalRefClkConfig), (120 bytes).
    Removing fsl_clock.o(i.CLOCK_SetMcgConfig), (260 bytes).
    Removing fsl_clock.o(i.CLOCK_SetOsc0MonitorMode), (60 bytes).
    Removing fsl_clock.o(i.CLOCK_SetPbeMode), (104 bytes).
    Removing fsl_clock.o(i.CLOCK_SetPeeMode), (28 bytes).
    Removing fsl_clock.o(i.CLOCK_SetPll0MonitorMode), (52 bytes).
    Removing fsl_clock.o(i.CLOCK_SetSimConfig), (60 bytes).
    Removing fsl_clock.o(i.CLOCK_TrimInternalRefClk), (176 bytes).
    Removing fsl_clock.o(.constdata), (96 bytes).
    Removing fsl_clock.o(.conststring), (82 bytes).
    Removing fsl_clock.o(.data), (16 bytes).
    Removing fsl_common.o(.rev16_text), (4 bytes).
    Removing fsl_common.o(.revsh_text), (4 bytes).
    Removing fsl_common.o(i.SDK_Free), (28 bytes).
    Removing fsl_common.o(i.SDK_Malloc), (56 bytes).
    Removing fsl_ftfx_cache.o(.rev16_text), (4 bytes).
    Removing fsl_ftfx_cache.o(.revsh_text), (4 bytes).
    Removing fsl_ftfx_cache.o(i.FTFx_CACHE_ClearCachePrefetchSpeculation), (14 bytes).
    Removing fsl_ftfx_cache.o(i.FTFx_CACHE_Init), (36 bytes).
    Removing fsl_ftfx_cache.o(i.FTFx_CACHE_PflashGetPrefetchSpeculation), (40 bytes).
    Removing fsl_ftfx_cache.o(i.FTFx_CACHE_PflashSetPrefetchSpeculation), (68 bytes).
    Removing fsl_ftfx_cache.o(i.ftfx_copy_common_bit_operation_to_ram), (16 bytes).
    Removing fsl_ftfx_cache.o(i.mcm_flash_cache_clear), (28 bytes).
    Removing fsl_ftfx_cache.o(.bss), (64 bytes).
    Removing fsl_ftfx_cache.o(.constdata), (28 bytes).
    Removing fsl_ftfx_controller.o(.rev16_text), (4 bytes).
    Removing fsl_ftfx_controller.o(.revsh_text), (4 bytes).
    Removing fsl_ftfx_controller.o(i.FTFx_API_Init), (52 bytes).
    Removing fsl_ftfx_controller.o(i.FTFx_CMD_Erase), (116 bytes).
    Removing fsl_ftfx_controller.o(i.FTFx_CMD_EraseAll), (44 bytes).
    Removing fsl_ftfx_controller.o(i.FTFx_CMD_EraseAllExecuteOnlySegments), (44 bytes).
    Removing fsl_ftfx_controller.o(i.FTFx_CMD_Program), (132 bytes).
    Removing fsl_ftfx_controller.o(i.FTFx_CMD_ProgramOnce), (116 bytes).
    Removing fsl_ftfx_controller.o(i.FTFx_CMD_ReadOnce), (124 bytes).
    Removing fsl_ftfx_controller.o(i.FTFx_CMD_ReadResource), (172 bytes).
    Removing fsl_ftfx_controller.o(i.FTFx_CMD_SecurityBypass), (96 bytes).
    Removing fsl_ftfx_controller.o(i.FTFx_CMD_VerifyErase), (140 bytes).
    Removing fsl_ftfx_controller.o(i.FTFx_CMD_VerifyEraseAll), (36 bytes).
    Removing fsl_ftfx_controller.o(i.FTFx_CMD_VerifyEraseAllExecuteOnlySegments), (36 bytes).
    Removing fsl_ftfx_controller.o(i.FTFx_CMD_VerifyProgram), (140 bytes).
    Removing fsl_ftfx_controller.o(i.FTFx_REG_GetSecurityState), (68 bytes).
    Removing fsl_ftfx_controller.o(i.ftfx_check_mem_range), (48 bytes).
    Removing fsl_ftfx_controller.o(i.ftfx_check_resource_range), (76 bytes).
    Removing fsl_ftfx_controller.o(i.ftfx_check_user_key), (20 bytes).
    Removing fsl_ftfx_controller.o(i.ftfx_command_sequence), (52 bytes).
    Removing fsl_ftfx_controller.o(i.ftfx_copy_run_command_to_ram), (16 bytes).
    Removing fsl_ftfx_controller.o(i.ftfx_init_ifr), (50 bytes).
    Removing fsl_ftfx_controller.o(i.ftfx_read_word_from_byte_address), (34 bytes).
    Removing fsl_ftfx_controller.o(i.ftfx_write_word_to_byte_address), (32 bytes).
    Removing fsl_ftfx_controller.o(.bss), (64 bytes).
    Removing fsl_ftfx_controller.o(.constdata), (12 bytes).
    Removing fsl_ftfx_flash.o(.rev16_text), (4 bytes).
    Removing fsl_ftfx_flash.o(.revsh_text), (4 bytes).
    Removing fsl_ftfx_flash.o(i.FLASH_Erase), (68 bytes).
    Removing fsl_ftfx_flash.o(i.FLASH_EraseAll), (8 bytes).
    Removing fsl_ftfx_flash.o(i.FLASH_GetProperty), (128 bytes).
    Removing fsl_ftfx_flash.o(i.FLASH_GetSecurityState), (8 bytes).
    Removing fsl_ftfx_flash.o(i.FLASH_Init), (284 bytes).
    Removing fsl_ftfx_flash.o(i.FLASH_IsExecuteOnly), (50 bytes).
    Removing fsl_ftfx_flash.o(i.FLASH_IsProtected), (352 bytes).
    Removing fsl_ftfx_flash.o(i.FLASH_PflashGetProtection), (56 bytes).
    Removing fsl_ftfx_flash.o(i.FLASH_PflashSetProtection), (72 bytes).
    Removing fsl_ftfx_flash.o(i.FLASH_Program), (68 bytes).
    Removing fsl_ftfx_flash.o(i.FLASH_ReadResource), (12 bytes).
    Removing fsl_ftfx_flash.o(i.FLASH_SecurityBypass), (8 bytes).
    Removing fsl_ftfx_flash.o(i.FLASH_VerifyErase), (68 bytes).
    Removing fsl_ftfx_flash.o(i.FLASH_VerifyEraseAll), (8 bytes).
    Removing fsl_ftfx_flash.o(i.FLASH_VerifyProgram), (72 bytes).
    Removing fsl_ftfx_flash.o(i.flash_calculate_mem_size), (40 bytes).
    Removing fsl_ftfx_flash.o(i.flash_calculate_prot_segment_size), (20 bytes).
    Removing fsl_ftfx_flash.o(i.flash_check_range_to_get_index), (60 bytes).
    Removing fsl_ftfx_flash.o(i.flash_convert_start_address), (40 bytes).
    Removing fsl_ftfx_flash.o(i.flash_init_features), (40 bytes).
    Removing fsl_ftfx_flash.o(.constdata), (30 bytes).
    Removing fsl_ftfx_flexnvm.o(.rev16_text), (4 bytes).
    Removing fsl_ftfx_flexnvm.o(.revsh_text), (4 bytes).
    Removing fsl_i2c.o(.rev16_text), (4 bytes).
    Removing fsl_i2c.o(.revsh_text), (4 bytes).
    Removing fsl_i2c.o(i.CLOCK_DisableClock), (24 bytes).
    Removing fsl_i2c.o(i.CLOCK_EnableClock), (24 bytes).
    Removing fsl_i2c.o(i.EnableIRQ), (36 bytes).
    Removing fsl_i2c.o(i.I2C_CheckAndClearError), (32 bytes).
    Removing fsl_i2c.o(i.I2C_DisableInterrupts), (26 bytes).
    Removing fsl_i2c.o(i.I2C_Enable), (24 bytes).
    Removing fsl_i2c.o(i.I2C_EnableInterrupts), (30 bytes).
    Removing fsl_i2c.o(i.I2C_GetInstance), (84 bytes).
    Removing fsl_i2c.o(i.I2C_InitTransferStateMachine), (144 bytes).
    Removing fsl_i2c.o(i.I2C_MasterClearStatusFlags), (30 bytes).
    Removing fsl_i2c.o(i.I2C_MasterDeinit), (36 bytes).
    Removing fsl_i2c.o(i.I2C_MasterGetDefaultConfig), (60 bytes).
    Removing fsl_i2c.o(i.I2C_MasterGetStatusFlags), (30 bytes).
    Removing fsl_i2c.o(i.I2C_MasterInit), (168 bytes).
    Removing fsl_i2c.o(i.I2C_MasterReadBlocking), (126 bytes).
    Removing fsl_i2c.o(i.I2C_MasterRepeatedStart), (92 bytes).
    Removing fsl_i2c.o(i.I2C_MasterSetBaudRate), (116 bytes).
    Removing fsl_i2c.o(i.I2C_MasterStart), (56 bytes).
    Removing fsl_i2c.o(i.I2C_MasterStop), (20 bytes).
    Removing fsl_i2c.o(i.I2C_MasterTransferAbort), (128 bytes).
    Removing fsl_i2c.o(i.I2C_MasterTransferBlocking), (360 bytes).
    Removing fsl_i2c.o(i.I2C_MasterTransferCreateHandle), (92 bytes).
    Removing fsl_i2c.o(i.I2C_MasterTransferGetCount), (52 bytes).
    Removing fsl_i2c.o(i.I2C_MasterTransferHandleIRQ), (136 bytes).
    Removing fsl_i2c.o(i.I2C_MasterTransferNonBlocking), (96 bytes).
    Removing fsl_i2c.o(i.I2C_MasterTransferRunStateMachine), (348 bytes).
    Removing fsl_i2c.o(i.I2C_MasterWriteBlocking), (112 bytes).
    Removing fsl_i2c.o(i.I2C_SetHoldTime), (140 bytes).
    Removing fsl_i2c.o(i.I2C_SlaveDeinit), (36 bytes).
    Removing fsl_i2c.o(i.I2C_SlaveGetDefaultConfig), (60 bytes).
    Removing fsl_i2c.o(i.I2C_SlaveInit), (256 bytes).
    Removing fsl_i2c.o(i.I2C_SlaveReadBlocking), (86 bytes).
    Removing fsl_i2c.o(i.I2C_SlaveTransferAbort), (60 bytes).
    Removing fsl_i2c.o(i.I2C_SlaveTransferCreateHandle), (92 bytes).
    Removing fsl_i2c.o(i.I2C_SlaveTransferGetCount), (64 bytes).
    Removing fsl_i2c.o(i.I2C_SlaveTransferHandleIRQ), (480 bytes).
    Removing fsl_i2c.o(i.I2C_SlaveTransferNonBlocking), (104 bytes).
    Removing fsl_i2c.o(i.I2C_SlaveWriteBlocking), (66 bytes).
    Removing fsl_i2c.o(.constdata), (148 bytes).
    Removing fsl_i2c.o(.conststring), (80 bytes).
    Removing system_mkl46z4.o(.rev16_text), (4 bytes).
    Removing system_mkl46z4.o(.revsh_text), (4 bytes).
    Removing system_mkl46z4.o(i.SystemCoreClockUpdate), (304 bytes).
    Removing fsl_clock.o(i.__ARM_common_switch8), (26 bytes).

175 unused section(s) (total 11620 bytes) removed from the image.

==============================================================================

Image Symbol Table

    Local Symbols

    Symbol Name                              Value     Ov Type        Size  Object(Section)

    RESET                                    0x00000000   Section      192  startup_mkl46z4.o(RESET)
    ../clib/angel/boardlib.s                 0x00000000   Number         0  boardinit2.o ABSOLUTE
    ../clib/angel/boardlib.s                 0x00000000   Number         0  boardshut.o ABSOLUTE
    ../clib/angel/boardlib.s                 0x00000000   Number         0  boardinit3.o ABSOLUTE
    ../clib/angel/boardlib.s                 0x00000000   Number         0  boardinit1.o ABSOLUTE
    ../clib/angel/handlers.s                 0x00000000   Number         0  __scatter_copy.o ABSOLUTE
    ../clib/angel/handlers.s                 0x00000000   Number         0  __scatter_zi.o ABSOLUTE
    ../clib/angel/kernel.s                   0x00000000   Number         0  rtexit2.o ABSOLUTE
    ../clib/angel/kernel.s                   0x00000000   Number         0  rtexit.o ABSOLUTE
    ../clib/angel/kernel.s                   0x00000000   Number         0  __rtentry2.o ABSOLUTE
    ../clib/angel/kernel.s                   0x00000000   Number         0  __rtentry4.o ABSOLUTE
    ../clib/angel/kernel.s                   0x00000000   Number         0  __rtentry7.o ABSOLUTE
    ../clib/angel/kernel.s                   0x00000000   Number         0  __rtentry.o ABSOLUTE
    ../clib/angel/rt.s                       0x00000000   Number         0  aeabi_idiv0.o ABSOLUTE
    ../clib/angel/rt.s                       0x00000000   Number         0  rt_div0.o ABSOLUTE
    ../clib/angel/rt.s                       0x00000000   Number         0  rt_raise.o ABSOLUTE
    ../clib/angel/rt.s                       0x00000000   Number         0  rt_errno_addr.o ABSOLUTE
    ../clib/angel/rt.s                       0x00000000   Number         0  aeabi_idiv0_sigfpe.o ABSOLUTE
    ../clib/angel/rt.s                       0x00000000   Number         0  rt_heap_descriptor_intlibspace.o ABSOLUTE
    ../clib/angel/rt.s                       0x00000000   Number         0  rt_errno_addr_intlibspace.o ABSOLUTE
    ../clib/angel/rt.s                       0x00000000   Number         0  rt_heap_descriptor.o ABSOLUTE
    ../clib/angel/scatterp.s                 0x00000000   Number         0  __scatter.o ABSOLUTE
    ../clib/angel/startup.s                  0x00000000   Number         0  __main.o ABSOLUTE
    ../clib/angel/sys.s                      0x00000000   Number         0  sys_stackheap.o ABSOLUTE
    ../clib/angel/sys.s                      0x00000000   Number         0  libspace.o ABSOLUTE
    ../clib/angel/sys.s                      0x00000000   Number         0  mutex_dummy.o ABSOLUTE
    ../clib/angel/sys.s                      0x00000000   Number         0  use_no_semi.o ABSOLUTE
    ../clib/angel/sys.s                      0x00000000   Number         0  indicate_semi.o ABSOLUTE
    ../clib/angel/sys.s                      0x00000000   Number         0  sys_stackheap_outer.o ABSOLUTE
    ../clib/angel/sys.s                      0x00000000   Number         0  tempstk.o ABSOLUTE
    ../clib/angel/sysapp.c                   0x00000000   Number         0  sys_wrch.o ABSOLUTE
    ../clib/angel/sysapp.c                   0x00000000   Number         0  sys_exit.o ABSOLUTE
    ../clib/angel/sysapp.c                   0x00000000   Number         0  sys_command.o ABSOLUTE
    ../clib/armsys.c                         0x00000000   Number         0  _get_argv.o ABSOLUTE
    ../clib/armsys.c                         0x00000000   Number         0  no_argv.o ABSOLUTE
    ../clib/armsys.c                         0x00000000   Number         0  _get_argv_nomalloc.o ABSOLUTE
    ../clib/armsys.c                         0x00000000   Number         0  argv_veneer.o ABSOLUTE
    ../clib/assert.c                         0x00000000   Number         0  assert_puts.o ABSOLUTE
    ../clib/assert.c                         0x00000000   Number         0  assert.o ABSOLUTE
    ../clib/division.s                       0x00000000   Number         0  aeabi_sdiv_div0.o ABSOLUTE
    ../clib/division.s                       0x00000000   Number         0  aeabi_sdiv.o ABSOLUTE
    ../clib/fenv.c                           0x00000000   Number         0  _rserrno.o ABSOLUTE
    ../clib/heap1.c                          0x00000000   Number         0  h1_init_mt.o ABSOLUTE
    ../clib/heap1.c                          0x00000000   Number         0  h1_alloc.o ABSOLUTE
    ../clib/heap1.c                          0x00000000   Number         0  h1_alloc_mt.o ABSOLUTE
    ../clib/heap1.c                          0x00000000   Number         0  h1_extend_mt.o ABSOLUTE
    ../clib/heap1.c                          0x00000000   Number         0  h1_init.o ABSOLUTE
    ../clib/heap1.c                          0x00000000   Number         0  h1_extend.o ABSOLUTE
    ../clib/heap1.c                          0x00000000   Number         0  h1_final.o ABSOLUTE
    ../clib/heap1.c                          0x00000000   Number         0  h1_final_mt.o ABSOLUTE
    ../clib/heap1.c                          0x00000000   Number         0  h1_free.o ABSOLUTE
    ../clib/heap1.c                          0x00000000   Number         0  h1_free_mt.o ABSOLUTE
    ../clib/heap2.c                          0x00000000   Number         0  fdtree.o ABSOLUTE
    ../clib/heap2.c                          0x00000000   Number         0  heap2.o ABSOLUTE
    ../clib/heap2.c                          0x00000000   Number         0  heap2mt.o ABSOLUTE
    ../clib/heapalloc.c                      0x00000000   Number         0  heapstubs.o ABSOLUTE
    ../clib/heapalloc.c                      0x00000000   Number         0  maybetermalloc2.o ABSOLUTE
    ../clib/heapalloc.c                      0x00000000   Number         0  init_alloc.o ABSOLUTE
    ../clib/heapalloc.c                      0x00000000   Number         0  malloc.o ABSOLUTE
    ../clib/heapalloc.c                      0x00000000   Number         0  free.o ABSOLUTE
    ../clib/heapalloc.c                      0x00000000   Number         0  hguard.o ABSOLUTE
    ../clib/heapalloc.c                      0x00000000   Number         0  hrguard.o ABSOLUTE
    ../clib/heapalloc.c                      0x00000000   Number         0  term_alloc.o ABSOLUTE
    ../clib/heapalloc.c                      0x00000000   Number         0  maybetermalloc1.o ABSOLUTE
    ../clib/heapalloc.c                      0x00000000   Number         0  maybetermalloc1.o ABSOLUTE
    ../clib/heapalloc.c                      0x00000000   Number         0  maybetermalloc2.o ABSOLUTE
    ../clib/heapaux.c                        0x00000000   Number         0  heapauxi.o ABSOLUTE
    ../clib/heapaux.c                        0x00000000   Number         0  heapauxa.o ABSOLUTE
    ../clib/libinit.s                        0x00000000   Number         0  libinit2.o ABSOLUTE
    ../clib/libinit.s                        0x00000000   Number         0  libshutdown.o ABSOLUTE
    ../clib/libinit.s                        0x00000000   Number         0  libinit5.o ABSOLUTE
    ../clib/libinit.s                        0x00000000   Number         0  libinit.o ABSOLUTE
    ../clib/libinit.s                        0x00000000   Number         0  libshutdown2.o ABSOLUTE
    ../clib/memcpset.c                       0x00000000   Number         0  rt_memcpy.o ABSOLUTE
    ../clib/memcpset.c                       0x00000000   Number         0  rt_memcpy.o ABSOLUTE
    ../clib/memcpset.c                       0x00000000   Number         0  rt_memclr.o ABSOLUTE
    ../clib/signal.c                         0x00000000   Number         0  defsig_abrt_outer.o ABSOLUTE
    ../clib/signal.c                         0x00000000   Number         0  defsig_abrt_inner.o ABSOLUTE
    ../clib/signal.c                         0x00000000   Number         0  defsig_other.o ABSOLUTE
    ../clib/signal.c                         0x00000000   Number         0  defsig_segv_inner.o ABSOLUTE
    ../clib/signal.c                         0x00000000   Number         0  defsig_exit.o ABSOLUTE
    ../clib/signal.c                         0x00000000   Number         0  defsig_pvfn_inner.o ABSOLUTE
    ../clib/signal.c                         0x00000000   Number         0  defsig_stak_inner.o ABSOLUTE
    ../clib/signal.c                         0x00000000   Number         0  defsig_rtred_inner.o ABSOLUTE
    ../clib/signal.c                         0x00000000   Number         0  defsig_rtmem_formal.o ABSOLUTE
    ../clib/signal.c                         0x00000000   Number         0  defsig_fpe_outer.o ABSOLUTE
    ../clib/signal.c                         0x00000000   Number         0  defsig_rtmem_outer.o ABSOLUTE
    ../clib/signal.c                         0x00000000   Number         0  defsig_fpe_formal.o ABSOLUTE
    ../clib/signal.c                         0x00000000   Number         0  defsig_abrt_formal.o ABSOLUTE
    ../clib/signal.c                         0x00000000   Number         0  defsig_rtmem_inner.o ABSOLUTE
    ../clib/signal.c                         0x00000000   Number         0  defsig_general.o ABSOLUTE
    ../clib/signal.c                         0x00000000   Number         0  __raise.o ABSOLUTE
    ../clib/signal.c                         0x00000000   Number         0  defsig_fpe_inner.o ABSOLUTE
    ../clib/signal.c                         0x00000000   Number         0  defsig_cppl_inner.o ABSOLUTE
    ../clib/signal.s                         0x00000000   Number         0  defsig.o ABSOLUTE
    ../clib/stdlib.c                         0x00000000   Number         0  exit.o ABSOLUTE
    ../clib/stdlib.c                         0x00000000   Number         0  abort.o ABSOLUTE
    ../fplib/cfplib/cmpret.c                 0x00000000   Number         0  cmpret.o ABSOLUTE
    ../fplib/cfplib/daddsub.c                0x00000000   Number         0  daddsub.o ABSOLUTE
    ../fplib/cfplib/dcmpin.c                 0x00000000   Number         0  dcmpin.o ABSOLUTE
    ../fplib/cfplib/ddiv.c                   0x00000000   Number         0  ddiv.o ABSOLUTE
    ../fplib/cfplib/dmul.c                   0x00000000   Number         0  dmul.o ABSOLUTE
    ../fplib/cfplib/f2d.c                    0x00000000   Number         0  f2d.o ABSOLUTE
    ../fplib/cfplib/fdiv.c                   0x00000000   Number         0  fdiv.o ABSOLUTE
    ../fplib/cfplib/ffix.c                   0x00000000   Number         0  dfixi.o ABSOLUTE
    ../fplib/cfplib/fflt.c                   0x00000000   Number         0  fflti.o ABSOLUTE
    ../fplib/cfplib/fpinit.c                 0x00000000   Number         0  fpinit.o ABSOLUTE
    ../fplib/cfplib/nan2.c                   0x00000000   Number         0  dnan2.o ABSOLUTE
    ../fplib/cfplib/retnan.c                 0x00000000   Number         0  retnan.o ABSOLUTE
    ../fplib/cfplib/scalbn.c                 0x00000000   Number         0  dscalbn.o ABSOLUTE
    ../fplib/deqf6m.s                        0x00000000   Number         0  deqf.o ABSOLUTE
    ../fplib/fmul6m.s                        0x00000000   Number         0  fmul.o ABSOLUTE
    ../fplib/usenofp.s                       0x00000000   Number         0  usenofp.o ABSOLUTE
    ../mathlib/atan.c                        0x00000000   Number         0  atan_x.o ABSOLUTE
    ../mathlib/atan.c                        0x00000000   Number         0  atan.o ABSOLUTE
    ../mathlib/atan2.c                       0x00000000   Number         0  atan2_x.o ABSOLUTE
    ../mathlib/atan2.c                       0x00000000   Number         0  atan2.o ABSOLUTE
    ../mathlib/dunder.c                      0x00000000   Number         0  dunder.o ABSOLUTE
    ../mathlib/fpclassify.c                  0x00000000   Number         0  fpclassify.o ABSOLUTE
    ../mathlib/poly.c                        0x00000000   Number         0  poly.o ABSOLUTE
    ../mathlib/qnan.c                        0x00000000   Number         0  qnan.o ABSOLUTE
    C:/Users/Admin/AppData/Local/Arm/Packs/NXP/MKL46Z4_DFP/10.0.3/drivers/fsl_clock.c 0x00000000   Number         0  fsl_clock.o ABSOLUTE
    C:/Users/Admin/AppData/Local/Arm/Packs/NXP/MKL46Z4_DFP/10.0.3/drivers/fsl_common.c 0x00000000   Number         0  fsl_common.o ABSOLUTE
    C:/Users/Admin/AppData/Local/Arm/Packs/NXP/MKL46Z4_DFP/10.0.3/drivers/fsl_ftfx_cache.c 0x00000000   Number         0  fsl_ftfx_cache.o ABSOLUTE
    C:/Users/Admin/AppData/Local/Arm/Packs/NXP/MKL46Z4_DFP/10.0.3/drivers/fsl_ftfx_controller.c 0x00000000   Number         0  fsl_ftfx_controller.o ABSOLUTE
    C:/Users/Admin/AppData/Local/Arm/Packs/NXP/MKL46Z4_DFP/10.0.3/drivers/fsl_ftfx_flash.c 0x00000000   Number         0  fsl_ftfx_flash.o ABSOLUTE
    C:/Users/Admin/AppData/Local/Arm/Packs/NXP/MKL46Z4_DFP/10.0.3/drivers/fsl_ftfx_flexnvm.c 0x00000000   Number         0  fsl_ftfx_flexnvm.o ABSOLUTE
    C:/Users/Admin/AppData/Local/Arm/Packs/NXP/MKL46Z4_DFP/10.0.3/drivers/fsl_i2c.c 0x00000000   Number         0  fsl_i2c.o ABSOLUTE
    C:\Users\Admin\AppData\Local\Arm\Packs\NXP\MKL46Z4_DFP\10.0.3\drivers\fsl_clock.c 0x00000000   Number         0  fsl_clock.o ABSOLUTE
    C:\Users\Admin\AppData\Local\Arm\Packs\NXP\MKL46Z4_DFP\10.0.3\drivers\fsl_common.c 0x00000000   Number         0  fsl_common.o ABSOLUTE
    C:\Users\Admin\AppData\Local\Arm\Packs\NXP\MKL46Z4_DFP\10.0.3\drivers\fsl_ftfx_cache.c 0x00000000   Number         0  fsl_ftfx_cache.o ABSOLUTE
    C:\Users\Admin\AppData\Local\Arm\Packs\NXP\MKL46Z4_DFP\10.0.3\drivers\fsl_ftfx_controller.c 0x00000000   Number         0  fsl_ftfx_controller.o ABSOLUTE
    C:\Users\Admin\AppData\Local\Arm\Packs\NXP\MKL46Z4_DFP\10.0.3\drivers\fsl_ftfx_flash.c 0x00000000   Number         0  fsl_ftfx_flash.o ABSOLUTE
    C:\Users\Admin\AppData\Local\Arm\Packs\NXP\MKL46Z4_DFP\10.0.3\drivers\fsl_ftfx_flexnvm.c 0x00000000   Number         0  fsl_ftfx_flexnvm.o ABSOLUTE
    C:\Users\Admin\AppData\Local\Arm\Packs\NXP\MKL46Z4_DFP\10.0.3\drivers\fsl_i2c.c 0x00000000   Number         0  fsl_i2c.o ABSOLUTE
    RTE/Device/MKL46Z256VLL4/startup_MKL46Z4.s 0x00000000   Number         0  startup_mkl46z4.o ABSOLUTE
    RTE/Device/MKL46Z256VLL4/system_MKL46Z4.c 0x00000000   Number         0  system_mkl46z4.o ABSOLUTE
    RTE\Device\MKL46Z256VLL4\system_MKL46Z4.c 0x00000000   Number         0  system_mkl46z4.o ABSOLUTE
    dc.s                                     0x00000000   Number         0  dc.o ABSOLUTE
    lcd.c                                    0x00000000   Number         0  lcd.o ABSOLUTE
    lcd.c                                    0x00000000   Number         0  lcd.o ABSOLUTE
    mag3110.c                                0x00000000   Number         0  mag3110.o ABSOLUTE
    mag3110.c                                0x00000000   Number         0  mag3110.o ABSOLUTE
    main.c                                   0x00000000   Number         0  main.o ABSOLUTE
    main.c                                   0x00000000   Number         0  main.o ABSOLUTE
    system.c                                 0x00000000   Number         0  system.o ABSOLUTE
    system.c                                 0x00000000   Number         0  system.o ABSOLUTE
    FlashConfig                              0x00000400   Section       16  startup_mkl46z4.o(FlashConfig)
    !!!main                                  0x00000410   Section        8  __main.o(!!!main)
    !!!scatter                               0x00000418   Section       60  __scatter.o(!!!scatter)
    !!handler_copy                           0x00000454   Section       26  __scatter_copy.o(!!handler_copy)
    !!handler_zi                             0x00000470   Section       28  __scatter_zi.o(!!handler_zi)
    .ARM.Collect$$libinit$$00000000          0x0000048c   Section        2  libinit.o(.ARM.Collect$$libinit$$00000000)
    .ARM.Collect$$libinit$$00000002          0x0000048e   Section        0  libinit2.o(.ARM.Collect$$libinit$$00000002)
    .ARM.Collect$$libinit$$00000004          0x0000048e   Section        0  libinit2.o(.ARM.Collect$$libinit$$00000004)
    .ARM.Collect$$libinit$$0000000A          0x0000048e   Section        0  libinit2.o(.ARM.Collect$$libinit$$0000000A)
    .ARM.Collect$$libinit$$0000000C          0x0000048e   Section        0  libinit2.o(.ARM.Collect$$libinit$$0000000C)
    .ARM.Collect$$libinit$$0000000E          0x0000048e   Section        0  libinit2.o(.ARM.Collect$$libinit$$0000000E)
    .ARM.Collect$$libinit$$00000011          0x0000048e   Section        0  libinit2.o(.ARM.Collect$$libinit$$00000011)
    .ARM.Collect$$libinit$$00000013          0x0000048e   Section        0  libinit2.o(.ARM.Collect$$libinit$$00000013)
    .ARM.Collect$$libinit$$00000015          0x0000048e   Section        0  libinit2.o(.ARM.Collect$$libinit$$00000015)
    .ARM.Collect$$libinit$$00000017          0x0000048e   Section        0  libinit2.o(.ARM.Collect$$libinit$$00000017)
    .ARM.Collect$$libinit$$00000019          0x0000048e   Section        0  libinit2.o(.ARM.Collect$$libinit$$00000019)
    .ARM.Collect$$libinit$$0000001B          0x0000048e   Section        0  libinit2.o(.ARM.Collect$$libinit$$0000001B)
    .ARM.Collect$$libinit$$0000001D          0x0000048e   Section        0  libinit2.o(.ARM.Collect$$libinit$$0000001D)
    .ARM.Collect$$libinit$$0000001F          0x0000048e   Section        0  libinit2.o(.ARM.Collect$$libinit$$0000001F)
    .ARM.Collect$$libinit$$00000021          0x0000048e   Section        0  libinit2.o(.ARM.Collect$$libinit$$00000021)
    .ARM.Collect$$libinit$$00000023          0x0000048e   Section        0  libinit2.o(.ARM.Collect$$libinit$$00000023)
    .ARM.Collect$$libinit$$00000025          0x0000048e   Section        0  libinit2.o(.ARM.Collect$$libinit$$00000025)
    .ARM.Collect$$libinit$$0000002C          0x0000048e   Section        0  libinit2.o(.ARM.Collect$$libinit$$0000002C)
    .ARM.Collect$$libinit$$0000002E          0x0000048e   Section        0  libinit2.o(.ARM.Collect$$libinit$$0000002E)
    .ARM.Collect$$libinit$$00000030          0x0000048e   Section        0  libinit2.o(.ARM.Collect$$libinit$$00000030)
    .ARM.Collect$$libinit$$00000032          0x0000048e   Section        0  libinit2.o(.ARM.Collect$$libinit$$00000032)
    .ARM.Collect$$libinit$$00000033          0x0000048e   Section        2  libinit2.o(.ARM.Collect$$libinit$$00000033)
    .ARM.Collect$$libshutdown$$00000000      0x00000490   Section        2  libshutdown.o(.ARM.Collect$$libshutdown$$00000000)
    .ARM.Collect$$libshutdown$$00000002      0x00000492   Section        0  libshutdown2.o(.ARM.Collect$$libshutdown$$00000002)
    .ARM.Collect$$libshutdown$$00000004      0x00000492   Section        0  libshutdown2.o(.ARM.Collect$$libshutdown$$00000004)
    .ARM.Collect$$libshutdown$$00000006      0x00000492   Section        0  libshutdown2.o(.ARM.Collect$$libshutdown$$00000006)
    .ARM.Collect$$libshutdown$$00000009      0x00000492   Section        0  libshutdown2.o(.ARM.Collect$$libshutdown$$00000009)
    .ARM.Collect$$libshutdown$$0000000C      0x00000492   Section        0  libshutdown2.o(.ARM.Collect$$libshutdown$$0000000C)
    .ARM.Collect$$libshutdown$$0000000E      0x00000492   Section        0  libshutdown2.o(.ARM.Collect$$libshutdown$$0000000E)
    .ARM.Collect$$libshutdown$$00000011      0x00000492   Section        0  libshutdown2.o(.ARM.Collect$$libshutdown$$00000011)
    .ARM.Collect$$libshutdown$$00000012      0x00000492   Section        2  libshutdown2.o(.ARM.Collect$$libshutdown$$00000012)
    .ARM.Collect$$rtentry$$00000000          0x00000494   Section        0  __rtentry.o(.ARM.Collect$$rtentry$$00000000)
    .ARM.Collect$$rtentry$$00000002          0x00000494   Section        0  __rtentry2.o(.ARM.Collect$$rtentry$$00000002)
    .ARM.Collect$$rtentry$$00000007          0x00000494   Section        4  __rtentry7.o(.ARM.Collect$$rtentry$$00000007)
    .ARM.Collect$$rtentry$$00000009          0x00000498   Section        0  __rtentry2.o(.ARM.Collect$$rtentry$$00000009)
    .ARM.Collect$$rtentry$$0000000A          0x00000498   Section        4  __rtentry2.o(.ARM.Collect$$rtentry$$0000000A)
    .ARM.Collect$$rtentry$$0000000C          0x0000049c   Section        0  __rtentry2.o(.ARM.Collect$$rtentry$$0000000C)
    .ARM.Collect$$rtentry$$0000000D          0x0000049c   Section        8  __rtentry2.o(.ARM.Collect$$rtentry$$0000000D)
    .ARM.Collect$$rtentry$$00002718          0x000004a4   Section        4  __rtentry7.o(.ARM.Collect$$rtentry$$00002718)
    __lit__00000000                          0x000004a4   Data           4  __rtentry7.o(.ARM.Collect$$rtentry$$00002718)
    .ARM.Collect$$rtexit$$00000000           0x000004a8   Section        2  rtexit.o(.ARM.Collect$$rtexit$$00000000)
    .ARM.Collect$$rtexit$$00000002           0x000004aa   Section        0  rtexit2.o(.ARM.Collect$$rtexit$$00000002)
    .ARM.Collect$$rtexit$$00000003           0x000004aa   Section        4  rtexit2.o(.ARM.Collect$$rtexit$$00000003)
    .ARM.Collect$$rtexit$$00000004           0x000004ae   Section        6  rtexit2.o(.ARM.Collect$$rtexit$$00000004)
    .text                                    0x000004b4   Section      156  startup_mkl46z4.o(.text)
    .text                                    0x00000550   Section      346  aeabi_sdiv.o(.text)
    .text                                    0x000006ac   Section        0  ddiv.o(.text)
    .text                                    0x00000af4   Section        0  dfixi.o(.text)
    .text                                    0x00000b60   Section        0  dmul.o(.text)
    .text                                    0x00000da8   Section        0  f2d.o(.text)
    .text                                    0x00000dfc   Section        0  fdiv.o(.text)
    .text                                    0x00000f5c   Section        0  fflti.o(.text)
    .text                                    0x00000fba   Section        0  _rserrno.o(.text)
    .text                                    0x00000fd0   Section        0  daddsub.o(.text)
    _dadd1                                   0x00000fd1   Thumb Code   290  daddsub.o(.text)
    _dsub1                                   0x000010f3   Thumb Code   470  daddsub.o(.text)
    .text                                    0x00001328   Section        0  sys_exit.o(.text)
    .text                                    0x00001334   Section        8  rt_errno_addr_intlibspace.o(.text)
    .text                                    0x0000133c   Section        0  dcmpin.o(.text)
    .text                                    0x000013cc   Section        0  dscalbn.o(.text)
    .text                                    0x0000142c   Section        2  use_no_semi.o(.text)
    .text                                    0x0000142e   Section        0  exit.o(.text)
    .text                                    0x0000142e   Section        0  indicate_semi.o(.text)
    .text                                    0x0000143e   Section        0  cmpret.o(.text)
    .text                                    0x0000146c   Section        0  dnan2.o(.text)
    .text                                    0x00001480   Section        0  retnan.o(.text)
    i.I2C0_DriverIRQHandler                  0x000014e0   Section        0  fsl_i2c.o(i.I2C0_DriverIRQHandler)
    i.I2C1_DriverIRQHandler                  0x000014f8   Section        0  fsl_i2c.o(i.I2C1_DriverIRQHandler)
    i.I2C_TransferCommonIRQHandler           0x00001510   Section        0  fsl_i2c.o(i.I2C_TransferCommonIRQHandler)
    I2C_TransferCommonIRQHandler             0x00001511   Thumb Code    32  fsl_i2c.o(i.I2C_TransferCommonIRQHandler)
    i.I2C_init                               0x00001534   Section        0  mag3110.o(i.I2C_init)
    i.I2C_read_byte                          0x00001568   Section        0  mag3110.o(i.I2C_read_byte)
    i.I2C_write_byte                         0x00001574   Section        0  mag3110.o(i.I2C_write_byte)
    i.LCD_Init                               0x00001580   Section        0  lcd.o(i.LCD_Init)
    i.LCD_Number                             0x0000165c   Section        0  lcd.o(i.LCD_Number)
    i.LCD_Print                              0x0000169c   Section        0  lcd.o(i.LCD_Print)
    i.MAG3110_read                           0x000016e4   Section        0  mag3110.o(i.MAG3110_read)
    i.MAG3110_write                          0x0000176c   Section        0  mag3110.o(i.MAG3110_write)
    i.MAG_init                               0x000017cc   Section        0  mag3110.o(i.MAG_init)
    i.MAG_read                               0x000017e8   Section        0  mag3110.o(i.MAG_read)
    i.PORTC_PORTD_IRQHandler                 0x00001858   Section        0  system.o(i.PORTC_PORTD_IRQHandler)
    i.SysTick_Handler                        0x000018a4   Section        0  system.o(i.SysTick_Handler)
    i.SystemInit                             0x000018dc   Section        0  system_mkl46z4.o(i.SystemInit)
    i.SystemInitHook                         0x000018f0   Section        0  system_mkl46z4.o(i.SystemInitHook)
    i.__ARM_fpclassify                       0x000018f4   Section        0  fpclassify.o(i.__ARM_fpclassify)
    i.__NVIC_SetPriority                     0x00001920   Section        0  system.o(i.__NVIC_SetPriority)
    __NVIC_SetPriority                       0x00001921   Thumb Code    60  system.o(i.__NVIC_SetPriority)
    i.__kernel_poly                          0x00001964   Section        0  poly.o(i.__kernel_poly)
    i.__mathlib_dbl_infnan                   0x00001a10   Section        0  dunder.o(i.__mathlib_dbl_infnan)
    i.__mathlib_dbl_infnan2                  0x00001a1a   Section        0  dunder.o(i.__mathlib_dbl_infnan2)
    i.__mathlib_dbl_underflow                0x00001a24   Section        0  dunder.o(i.__mathlib_dbl_underflow)
    i.atan                                   0x00001a38   Section        0  atan.o(i.atan)
    i.atan2                                  0x00001c54   Section        0  atan2.o(i.atan2)
    i.control_LEDs                           0x00001df0   Section        0  system.o(i.control_LEDs)
    i.delay                                  0x00001e34   Section        0  mag3110.o(i.delay)
    i.init_system                            0x00001e4c   Section        0  system.o(i.init_system)
    i.main                                   0x00001f20   Section        0  main.o(i.main)
    x$fpl$deqf                               0x00002048   Section      100  deqf.o(x$fpl$deqf)
    x$fpl$fmul                               0x000020ac   Section      176  fmul.o(x$fpl$fmul)
    .constdata                               0x0000215c   Section      128  ddiv.o(.constdata)
    x$fpl$usenofp                            0x0000215c   Section        0  usenofp.o(x$fpl$usenofp)
    ddiv_reciptbl                            0x0000215c   Data         128  ddiv.o(.constdata)
    .constdata                               0x000021dc   Section       64  fdiv.o(.constdata)
    fdiv_tab                                 0x000021dc   Data          64  fdiv.o(.constdata)
    .constdata                               0x00002220   Section      152  atan.o(.constdata)
    atanhi                                   0x00002220   Data          32  atan.o(.constdata)
    atanlo                                   0x00002240   Data          32  atan.o(.constdata)
    aTodd                                    0x00002260   Data          40  atan.o(.constdata)
    aTeven                                   0x00002288   Data          48  atan.o(.constdata)
    .constdata                               0x000022b8   Section        8  qnan.o(.constdata)
    .data                                    0x1fffe000   Section        4  main.o(.data)
    .data                                    0x1fffe004   Section        4  mag3110.o(.data)
    .data                                    0x1fffe008   Section       16  system.o(.data)
    count_green                              0x1fffe010   Data           4  system.o(.data)
    count_red                                0x1fffe014   Data           4  system.o(.data)
    .data                                    0x1fffe018   Section       40  lcd.o(.data)
    .data                                    0x1fffe040   Section       16  fsl_i2c.o(.data)
    s_i2cMasterIsr                           0x1fffe040   Data           4  fsl_i2c.o(.data)
    s_i2cSlaveIsr                            0x1fffe044   Data           4  fsl_i2c.o(.data)
    s_i2cHandle                              0x1fffe048   Data           8  fsl_i2c.o(.data)
    .data                                    0x1fffe050   Section        4  system_mkl46z4.o(.data)
    .bss                                     0x1fffe054   Section       96  libspace.o(.bss)

    Global Symbols

    Symbol Name                              Value     Ov Type        Size  Object(Section)

    BuildAttributes$$THM_ISAv3M$S$PE$A:L22$X:L11$S22$IEEE1$IW$USESV6$~STKCKD$USESV7$~SHL$OTIME$ROPI$IEEEX$EBA8$UX$STANDARDLIB$REQ8$PRES8$EABIv2 0x00000000   Number         0  anon$$obj.o ABSOLUTE
    __ARM_use_no_argv                        0x00000000   Number         0  main.o ABSOLUTE
    __Vectors                                0x00000000   Data           4  startup_mkl46z4.o(RESET)
    Image$$ZI$$Limit                          - Undefined Weak Reference
    __ARM_exceptions_init                     - Undefined Weak Reference
    __alloca_initialize                       - Undefined Weak Reference
    __arm_fini_                               - Undefined Weak Reference
    __arm_preinit_                            - Undefined Weak Reference
    __cpp_initialize__aeabi_                  - Undefined Weak Reference
    __cxa_finalize                            - Undefined Weak Reference
    __rt_locale                               - Undefined Weak Reference
    __sigvec_lookup                           - Undefined Weak Reference
    __user_heap_extent                        - Undefined Weak Reference
    _atexit_init                              - Undefined Weak Reference
    _call_atexit_fns                          - Undefined Weak Reference
    _clock_init                               - Undefined Weak Reference
    _fp_trap_init                             - Undefined Weak Reference
    _fp_trap_shutdown                         - Undefined Weak Reference
    _get_lc_collate                           - Undefined Weak Reference
    _get_lc_ctype                             - Undefined Weak Reference
    _get_lc_monetary                          - Undefined Weak Reference
    _get_lc_numeric                           - Undefined Weak Reference
    _get_lc_time                              - Undefined Weak Reference
    _getenv_init                              - Undefined Weak Reference
    _handle_redirection                       - Undefined Weak Reference
    _initio                                   - Undefined Weak Reference
    _mutex_acquire                            - Undefined Weak Reference
    _mutex_free                               - Undefined Weak Reference
    _mutex_release                            - Undefined Weak Reference
    _rand_init                                - Undefined Weak Reference
    _signal_finish                            - Undefined Weak Reference
    _signal_init                              - Undefined Weak Reference
    _terminateio                              - Undefined Weak Reference
    __Vectors_End                            0x000000c0   Data           0  startup_mkl46z4.o(RESET)
    __Vectors_Size                           0x000000c0   Number         0  startup_mkl46z4.o ABSOLUTE
    __main                                   0x00000411   Thumb Code     8  __main.o(!!!main)
    __scatterload                            0x00000419   Thumb Code     0  __scatter.o(!!!scatter)
    __scatterload_rt2                        0x00000419   Thumb Code    52  __scatter.o(!!!scatter)
    __scatterload_rt2_thumb_only             0x00000419   Thumb Code     0  __scatter.o(!!!scatter)
    __scatterload_null                       0x00000429   Thumb Code     0  __scatter.o(!!!scatter)
    __scatterload_copy                       0x00000455   Thumb Code    26  __scatter_copy.o(!!handler_copy)
    __scatterload_zeroinit                   0x00000471   Thumb Code    28  __scatter_zi.o(!!handler_zi)
    __rt_lib_init                            0x0000048d   Thumb Code     0  libinit.o(.ARM.Collect$$libinit$$00000000)
    __rt_lib_init_alloca_1                   0x0000048f   Thumb Code     0  libinit2.o(.ARM.Collect$$libinit$$0000002E)
    __rt_lib_init_argv_1                     0x0000048f   Thumb Code     0  libinit2.o(.ARM.Collect$$libinit$$0000002C)
    __rt_lib_init_atexit_1                   0x0000048f   Thumb Code     0  libinit2.o(.ARM.Collect$$libinit$$0000001B)
    __rt_lib_init_clock_1                    0x0000048f   Thumb Code     0  libinit2.o(.ARM.Collect$$libinit$$00000021)
    __rt_lib_init_cpp_1                      0x0000048f   Thumb Code     0  libinit2.o(.ARM.Collect$$libinit$$00000032)
    __rt_lib_init_exceptions_1               0x0000048f   Thumb Code     0  libinit2.o(.ARM.Collect$$libinit$$00000030)
    __rt_lib_init_fp_1                       0x0000048f   Thumb Code     0  libinit2.o(.ARM.Collect$$libinit$$00000002)
    __rt_lib_init_fp_trap_1                  0x0000048f   Thumb Code     0  libinit2.o(.ARM.Collect$$libinit$$0000001F)
    __rt_lib_init_getenv_1                   0x0000048f   Thumb Code     0  libinit2.o(.ARM.Collect$$libinit$$00000023)
    __rt_lib_init_heap_1                     0x0000048f   Thumb Code     0  libinit2.o(.ARM.Collect$$libinit$$0000000A)
    __rt_lib_init_lc_collate_1               0x0000048f   Thumb Code     0  libinit2.o(.ARM.Collect$$libinit$$00000011)
    __rt_lib_init_lc_ctype_1                 0x0000048f   Thumb Code     0  libinit2.o(.ARM.Collect$$libinit$$00000013)
    __rt_lib_init_lc_monetary_1              0x0000048f   Thumb Code     0  libinit2.o(.ARM.Collect$$libinit$$00000015)
    __rt_lib_init_lc_numeric_1               0x0000048f   Thumb Code     0  libinit2.o(.ARM.Collect$$libinit$$00000017)
    __rt_lib_init_lc_time_1                  0x0000048f   Thumb Code     0  libinit2.o(.ARM.Collect$$libinit$$00000019)
    __rt_lib_init_preinit_1                  0x0000048f   Thumb Code     0  libinit2.o(.ARM.Collect$$libinit$$00000004)
    __rt_lib_init_rand_1                     0x0000048f   Thumb Code     0  libinit2.o(.ARM.Collect$$libinit$$0000000E)
    __rt_lib_init_return                     0x0000048f   Thumb Code     0  libinit2.o(.ARM.Collect$$libinit$$00000033)
    __rt_lib_init_signal_1                   0x0000048f   Thumb Code     0  libinit2.o(.ARM.Collect$$libinit$$0000001D)
    __rt_lib_init_stdio_1                    0x0000048f   Thumb Code     0  libinit2.o(.ARM.Collect$$libinit$$00000025)
    __rt_lib_init_user_alloc_1               0x0000048f   Thumb Code     0  libinit2.o(.ARM.Collect$$libinit$$0000000C)
    __rt_lib_shutdown                        0x00000491   Thumb Code     0  libshutdown.o(.ARM.Collect$$libshutdown$$00000000)
    __rt_lib_shutdown_cpp_1                  0x00000493   Thumb Code     0  libshutdown2.o(.ARM.Collect$$libshutdown$$00000004)
    __rt_lib_shutdown_fini_1                 0x00000493   Thumb Code     0  libshutdown2.o(.ARM.Collect$$libshutdown$$00000002)
    __rt_lib_shutdown_fp_trap_1              0x00000493   Thumb Code     0  libshutdown2.o(.ARM.Collect$$libshutdown$$00000009)
    __rt_lib_shutdown_heap_1                 0x00000493   Thumb Code     0  libshutdown2.o(.ARM.Collect$$libshutdown$$00000011)
    __rt_lib_shutdown_return                 0x00000493   Thumb Code     0  libshutdown2.o(.ARM.Collect$$libshutdown$$00000012)
    __rt_lib_shutdown_signal_1               0x00000493   Thumb Code     0  libshutdown2.o(.ARM.Collect$$libshutdown$$0000000C)
    __rt_lib_shutdown_stdio_1                0x00000493   Thumb Code     0  libshutdown2.o(.ARM.Collect$$libshutdown$$00000006)
    __rt_lib_shutdown_user_alloc_1           0x00000493   Thumb Code     0  libshutdown2.o(.ARM.Collect$$libshutdown$$0000000E)
    __rt_entry                               0x00000495   Thumb Code     0  __rtentry.o(.ARM.Collect$$rtentry$$00000000)
    __rt_entry_presh_1                       0x00000495   Thumb Code     0  __rtentry2.o(.ARM.Collect$$rtentry$$00000002)
    __rt_entry_sh                            0x00000495   Thumb Code     0  __rtentry7.o(.ARM.Collect$$rtentry$$00000007)
    __rt_entry_li                            0x00000499   Thumb Code     0  __rtentry2.o(.ARM.Collect$$rtentry$$0000000A)
    __rt_entry_postsh_1                      0x00000499   Thumb Code     0  __rtentry2.o(.ARM.Collect$$rtentry$$00000009)
    __rt_entry_main                          0x0000049d   Thumb Code     0  __rtentry2.o(.ARM.Collect$$rtentry$$0000000D)
    __rt_entry_postli_1                      0x0000049d   Thumb Code     0  __rtentry2.o(.ARM.Collect$$rtentry$$0000000C)
    __rt_exit                                0x000004a9   Thumb Code     0  rtexit.o(.ARM.Collect$$rtexit$$00000000)
    __rt_exit_ls                             0x000004ab   Thumb Code     0  rtexit2.o(.ARM.Collect$$rtexit$$00000003)
    __rt_exit_prels_1                        0x000004ab   Thumb Code     0  rtexit2.o(.ARM.Collect$$rtexit$$00000002)
    __rt_exit_exit                           0x000004af   Thumb Code     0  rtexit2.o(.ARM.Collect$$rtexit$$00000004)
    Reset_Handler                            0x000004b5   Thumb Code    24  startup_mkl46z4.o(.text)
    NMI_Handler                              0x000004cd   Thumb Code     2  startup_mkl46z4.o(.text)
    HardFault_Handler                        0x000004cf   Thumb Code     2  startup_mkl46z4.o(.text)
    SVC_Handler                              0x000004d1   Thumb Code     2  startup_mkl46z4.o(.text)
    PendSV_Handler                           0x000004d3   Thumb Code     2  startup_mkl46z4.o(.text)
    DMA0_IRQHandler                          0x000004d7   Thumb Code     4  startup_mkl46z4.o(.text)
    DMA1_IRQHandler                          0x000004db   Thumb Code     4  startup_mkl46z4.o(.text)
    DMA2_IRQHandler                          0x000004df   Thumb Code     4  startup_mkl46z4.o(.text)
    DMA3_IRQHandler                          0x000004e3   Thumb Code     4  startup_mkl46z4.o(.text)
    I2C0_IRQHandler                          0x000004e7   Thumb Code     4  startup_mkl46z4.o(.text)
    I2C1_IRQHandler                          0x000004eb   Thumb Code     4  startup_mkl46z4.o(.text)
    SPI0_IRQHandler                          0x000004ef   Thumb Code     4  startup_mkl46z4.o(.text)
    SPI1_IRQHandler                          0x000004f3   Thumb Code     4  startup_mkl46z4.o(.text)
    UART0_IRQHandler                         0x000004f7   Thumb Code     4  startup_mkl46z4.o(.text)
    UART1_IRQHandler                         0x000004fb   Thumb Code     4  startup_mkl46z4.o(.text)
    UART2_IRQHandler                         0x000004ff   Thumb Code     4  startup_mkl46z4.o(.text)
    I2S0_IRQHandler                          0x00000503   Thumb Code     4  startup_mkl46z4.o(.text)
    ADC0_IRQHandler                          0x00000507   Thumb Code     0  startup_mkl46z4.o(.text)
    CMP0_IRQHandler                          0x00000507   Thumb Code     0  startup_mkl46z4.o(.text)
    DAC0_IRQHandler                          0x00000507   Thumb Code     0  startup_mkl46z4.o(.text)
    DMA0_DriverIRQHandler                    0x00000507   Thumb Code     0  startup_mkl46z4.o(.text)
    DMA1_DriverIRQHandler                    0x00000507   Thumb Code     0  startup_mkl46z4.o(.text)
    DMA2_DriverIRQHandler                    0x00000507   Thumb Code     0  startup_mkl46z4.o(.text)
    DMA3_DriverIRQHandler                    0x00000507   Thumb Code     0  startup_mkl46z4.o(.text)
    DefaultISR                               0x00000507   Thumb Code     0  startup_mkl46z4.o(.text)
    FTFA_IRQHandler                          0x00000507   Thumb Code     0  startup_mkl46z4.o(.text)
    I2S0_DriverIRQHandler                    0x00000507   Thumb Code     0  startup_mkl46z4.o(.text)
    LCD_IRQHandler                           0x00000507   Thumb Code     0  startup_mkl46z4.o(.text)
    LLWU_IRQHandler                          0x00000507   Thumb Code     0  startup_mkl46z4.o(.text)
    LPTMR0_IRQHandler                        0x00000507   Thumb Code     0  startup_mkl46z4.o(.text)
    LVD_LVW_IRQHandler                       0x00000507   Thumb Code     0  startup_mkl46z4.o(.text)
    MCG_IRQHandler                           0x00000507   Thumb Code     0  startup_mkl46z4.o(.text)
    PIT_IRQHandler                           0x00000507   Thumb Code     0  startup_mkl46z4.o(.text)
    PORTA_IRQHandler                         0x00000507   Thumb Code     0  startup_mkl46z4.o(.text)
    RTC_IRQHandler                           0x00000507   Thumb Code     0  startup_mkl46z4.o(.text)
    RTC_Seconds_IRQHandler                   0x00000507   Thumb Code     0  startup_mkl46z4.o(.text)
    Reserved20_IRQHandler                    0x00000507   Thumb Code     0  startup_mkl46z4.o(.text)
    SPI0_DriverIRQHandler                    0x00000507   Thumb Code     0  startup_mkl46z4.o(.text)
    SPI1_DriverIRQHandler                    0x00000507   Thumb Code     0  startup_mkl46z4.o(.text)
    TPM0_IRQHandler                          0x00000507   Thumb Code     0  startup_mkl46z4.o(.text)
    TPM1_IRQHandler                          0x00000507   Thumb Code     0  startup_mkl46z4.o(.text)
    TPM2_IRQHandler                          0x00000507   Thumb Code     0  startup_mkl46z4.o(.text)
    TSI0_IRQHandler                          0x00000507   Thumb Code     0  startup_mkl46z4.o(.text)
    UART0_DriverIRQHandler                   0x00000507   Thumb Code     0  startup_mkl46z4.o(.text)
    UART1_DriverIRQHandler                   0x00000507   Thumb Code     0  startup_mkl46z4.o(.text)
    UART2_DriverIRQHandler                   0x00000507   Thumb Code     0  startup_mkl46z4.o(.text)
    USB0_IRQHandler                          0x00000507   Thumb Code     0  startup_mkl46z4.o(.text)
    __aeabi_uidiv                            0x00000551   Thumb Code     0  aeabi_sdiv.o(.text)
    __aeabi_uidivmod                         0x00000551   Thumb Code    20  aeabi_sdiv.o(.text)
    __aeabi_idiv                             0x00000565   Thumb Code     0  aeabi_sdiv.o(.text)
    __aeabi_idivmod                          0x00000565   Thumb Code   326  aeabi_sdiv.o(.text)
    __aeabi_ddiv                             0x000006ad   Thumb Code     0  ddiv.o(.text)
    _ddiv                                    0x000006ad   Thumb Code  1072  ddiv.o(.text)
    _drdiv                                   0x00000add   Thumb Code    20  ddiv.o(.text)
    __aeabi_d2iz                             0x00000af5   Thumb Code     0  dfixi.o(.text)
    _dfix                                    0x00000af5   Thumb Code    98  dfixi.o(.text)
    __aeabi_dmul                             0x00000b61   Thumb Code     0  dmul.o(.text)
    _dmul                                    0x00000b61   Thumb Code   558  dmul.o(.text)
    __aeabi_f2d                              0x00000da9   Thumb Code     0  f2d.o(.text)
    _f2d                                     0x00000da9   Thumb Code    80  f2d.o(.text)
    __aeabi_fdiv                             0x00000dfd   Thumb Code     0  fdiv.o(.text)
    _fdiv                                    0x00000dfd   Thumb Code   334  fdiv.o(.text)
    _frdiv                                   0x00000f4b   Thumb Code     8  fdiv.o(.text)
    __aeabi_i2f_normalise                    0x00000f5d   Thumb Code    72  fflti.o(.text)
    __aeabi_i2f                              0x00000fa5   Thumb Code    16  fflti.o(.text)
    _fflt                                    0x00000fa5   Thumb Code     0  fflti.o(.text)
    __aeabi_ui2f                             0x00000fb5   Thumb Code     6  fflti.o(.text)
    _ffltu                                   0x00000fb5   Thumb Code     0  fflti.o(.text)
    __read_errno                             0x00000fbb   Thumb Code    10  _rserrno.o(.text)
    __set_errno                              0x00000fc5   Thumb Code    12  _rserrno.o(.text)
    __aeabi_dadd                             0x000012c9   Thumb Code     0  daddsub.o(.text)
    _dadd                                    0x000012c9   Thumb Code    26  daddsub.o(.text)
    __aeabi_dsub                             0x000012e3   Thumb Code     0  daddsub.o(.text)
    _dsub                                    0x000012e3   Thumb Code    22  daddsub.o(.text)
    __aeabi_drsub                            0x000012f9   Thumb Code     0  daddsub.o(.text)
    _drsb                                    0x000012f9   Thumb Code    28  daddsub.o(.text)
    _sys_exit                                0x00001329   Thumb Code     8  sys_exit.o(.text)
    __aeabi_errno_addr                       0x00001335   Thumb Code     8  rt_errno_addr_intlibspace.o(.text)
    __errno$intlibspace                      0x00001335   Thumb Code     0  rt_errno_addr_intlibspace.o(.text)
    __rt_errno_addr$intlibspace              0x00001335   Thumb Code     0  rt_errno_addr_intlibspace.o(.text)
    __fpl_dcmp_InfNaN                        0x0000133d   Thumb Code   140  dcmpin.o(.text)
    __ARM_scalbn                             0x000013cd   Thumb Code    84  dscalbn.o(.text)
    __I$use$semihosting                      0x0000142d   Thumb Code     0  use_no_semi.o(.text)
    __use_no_semihosting_swi                 0x0000142d   Thumb Code     2  use_no_semi.o(.text)
    __semihosting_library_function           0x0000142f   Thumb Code     0  indicate_semi.o(.text)
    exit                                     0x0000142f   Thumb Code    16  exit.o(.text)
    __fpl_cmpreturn                          0x0000143f   Thumb Code    46  cmpret.o(.text)
    __fpl_dcheck_NaN2                        0x0000146d   Thumb Code    14  dnan2.o(.text)
    __fpl_return_NaN                         0x00001481   Thumb Code    94  retnan.o(.text)
    I2C0_DriverIRQHandler                    0x000014e1   Thumb Code    14  fsl_i2c.o(i.I2C0_DriverIRQHandler)
    I2C1_DriverIRQHandler                    0x000014f9   Thumb Code    14  fsl_i2c.o(i.I2C1_DriverIRQHandler)
    I2C_init                                 0x00001535   Thumb Code    40  mag3110.o(i.I2C_init)
    I2C_read_byte                            0x00001569   Thumb Code     6  mag3110.o(i.I2C_read_byte)
    I2C_write_byte                           0x00001575   Thumb Code     6  mag3110.o(i.I2C_write_byte)
    LCD_Init                                 0x00001581   Thumb Code   176  lcd.o(i.LCD_Init)
    LCD_Number                               0x0000165d   Thumb Code    58  lcd.o(i.LCD_Number)
    LCD_Print                                0x0000169d   Thumb Code    62  lcd.o(i.LCD_Print)
    MAG3110_read                             0x000016e5   Thumb Code   132  mag3110.o(i.MAG3110_read)
    MAG3110_write                            0x0000176d   Thumb Code    92  mag3110.o(i.MAG3110_write)
    MAG_init                                 0x000017cd   Thumb Code    28  mag3110.o(i.MAG_init)
    MAG_read                                 0x000017e9   Thumb Code   110  mag3110.o(i.MAG_read)
    PORTC_PORTD_IRQHandler                   0x00001859   Thumb Code    58  system.o(i.PORTC_PORTD_IRQHandler)
    SysTick_Handler                          0x000018a5   Thumb Code    50  system.o(i.SysTick_Handler)
    SystemInit                               0x000018dd   Thumb Code    14  system_mkl46z4.o(i.SystemInit)
    SystemInitHook                           0x000018f1   Thumb Code     2  system_mkl46z4.o(i.SystemInitHook)
    __ARM_fpclassify                         0x000018f5   Thumb Code    40  fpclassify.o(i.__ARM_fpclassify)
    __kernel_poly                            0x00001965   Thumb Code   172  poly.o(i.__kernel_poly)
    __mathlib_dbl_infnan                     0x00001a11   Thumb Code    10  dunder.o(i.__mathlib_dbl_infnan)
    __mathlib_dbl_infnan2                    0x00001a1b   Thumb Code     8  dunder.o(i.__mathlib_dbl_infnan2)
    __mathlib_dbl_underflow                  0x00001a25   Thumb Code    14  dunder.o(i.__mathlib_dbl_underflow)
    atan                                     0x00001a39   Thumb Code   472  atan.o(i.atan)
    atan2                                    0x00001c55   Thumb Code   372  atan2.o(i.atan2)
    control_LEDs                             0x00001df1   Thumb Code    54  system.o(i.control_LEDs)
    delay                                    0x00001e35   Thumb Code    20  mag3110.o(i.delay)
    init_system                              0x00001e4d   Thumb Code   176  system.o(i.init_system)
    main                                     0x00001f21   Thumb Code   268  main.o(i.main)
    __aeabi_cdcmpeq                          0x00002049   Thumb Code     0  deqf.o(x$fpl$deqf)
    _dcmpeq                                  0x00002049   Thumb Code    94  deqf.o(x$fpl$deqf)
    __aeabi_fmul                             0x000020ad   Thumb Code     0  fmul.o(x$fpl$fmul)
    _fmul                                    0x000020ad   Thumb Code   172  fmul.o(x$fpl$fmul)
    __I$use$fp                               0x0000215c   Number         0  usenofp.o(x$fpl$usenofp)
    __mathlib_zero                           0x000022b8   Data           8  qnan.o(.constdata)
    Region$$Table$$Base                      0x000022c0   Number         0  anon$$obj.o(Region$$Table)
    Region$$Table$$Limit                     0x000022e0   Number         0  anon$$obj.o(Region$$Table)
    system_state                             0x1fffe000   Data           4  main.o(.data)
    i                                        0x1fffe004   Data           4  mag3110.o(.data)
    led_green_toggle                         0x1fffe008   Data           4  system.o(.data)
    led_red_toggle                           0x1fffe00c   Data           4  system.o(.data)
    digit_ABC                                0x1fffe018   Data           4  lcd.o(.data)
    digit_DEFG                               0x1fffe01c   Data           4  lcd.o(.data)
    ABC                                      0x1fffe020   Data          16  lcd.o(.data)
    DEFG                                     0x1fffe030   Data          16  lcd.o(.data)
    SystemCoreClock                          0x1fffe050   Data           4  system_mkl46z4.o(.data)
    __libspace_start                         0x1fffe054   Data          96  libspace.o(.bss)
    Image$$ARM_LIB_HEAP$$ZI$$Base            0x1fffe0b4   Number         0  anon$$obj.o ABSOLUTE
    __temporary_stack_top$libspace           0x1fffe0b4   Data           0  libspace.o(.bss)
    Image$$ARM_LIB_HEAP$$ZI$$Limit           0x1fffe4b4   Number         0  anon$$obj.o ABSOLUTE
    Image$$ARM_LIB_STACK$$ZI$$Limit          0x20006000   Number         0  anon$$obj.o ABSOLUTE



==============================================================================

Memory Map of the image

  Image Entry point : 0x00000411

  Load Region LR_m_text (Base: 0x00000000, Size: 0x00002334, Max: 0x00040000, ABSOLUTE)

    Execution Region VECTOR_ROM (Exec base: 0x00000000, Load base: 0x00000000, Size: 0x000000c0, Max: 0x00000200, ABSOLUTE)

    Exec Addr    Load Addr    Size         Type   Attr      Idx    E Section Name        Object

    0x00000000   0x00000000   0x000000c0   Data   RO         1223    RESET               startup_mkl46z4.o


    Execution Region ER_m_flash_config (Exec base: 0x00000400, Load base: 0x00000400, Size: 0x00000010, Max: 0x00000010, ABSOLUTE, FIXED)

    Exec Addr    Load Addr    Size         Type   Attr      Idx    E Section Name        Object

    0x00000400   0x00000400   0x00000010   Data   RO         1224    FlashConfig         startup_mkl46z4.o


    Execution Region ER_m_text (Exec base: 0x00000410, Load base: 0x00000410, Size: 0x00001ed0, Max: 0x0003fbf0, ABSOLUTE)

    Exec Addr    Load Addr    Size         Type   Attr      Idx    E Section Name        Object

    0x00000410   0x00000410   0x00000008   Code   RO         1355  * !!!main             c_p.l(__main.o)
    0x00000418   0x00000418   0x0000003c   Code   RO         1666    !!!scatter          c_p.l(__scatter.o)
    0x00000454   0x00000454   0x0000001a   Code   RO         1668    !!handler_copy      c_p.l(__scatter_copy.o)
    0x0000046e   0x0000046e   0x00000002   PAD
    0x00000470   0x00000470   0x0000001c   Code   RO         1670    !!handler_zi        c_p.l(__scatter_zi.o)
    0x0000048c   0x0000048c   0x00000002   Code   RO         1596    .ARM.Collect$$libinit$$00000000  c_p.l(libinit.o)
    0x0000048e   0x0000048e   0x00000000   Code   RO         1422    .ARM.Collect$$libinit$$00000002  c_p.l(libinit2.o)
    0x0000048e   0x0000048e   0x00000000   Code   RO         1424    .ARM.Collect$$libinit$$00000004  c_p.l(libinit2.o)
    0x0000048e   0x0000048e   0x00000000   Code   RO         1427    .ARM.Collect$$libinit$$0000000A  c_p.l(libinit2.o)
    0x0000048e   0x0000048e   0x00000000   Code   RO         1429    .ARM.Collect$$libinit$$0000000C  c_p.l(libinit2.o)
    0x0000048e   0x0000048e   0x00000000   Code   RO         1431    .ARM.Collect$$libinit$$0000000E  c_p.l(libinit2.o)
    0x0000048e   0x0000048e   0x00000000   Code   RO         1434    .ARM.Collect$$libinit$$00000011  c_p.l(libinit2.o)
    0x0000048e   0x0000048e   0x00000000   Code   RO         1436    .ARM.Collect$$libinit$$00000013  c_p.l(libinit2.o)
    0x0000048e   0x0000048e   0x00000000   Code   RO         1438    .ARM.Collect$$libinit$$00000015  c_p.l(libinit2.o)
    0x0000048e   0x0000048e   0x00000000   Code   RO         1440    .ARM.Collect$$libinit$$00000017  c_p.l(libinit2.o)
    0x0000048e   0x0000048e   0x00000000   Code   RO         1442    .ARM.Collect$$libinit$$00000019  c_p.l(libinit2.o)
    0x0000048e   0x0000048e   0x00000000   Code   RO         1444    .ARM.Collect$$libinit$$0000001B  c_p.l(libinit2.o)
    0x0000048e   0x0000048e   0x00000000   Code   RO         1446    .ARM.Collect$$libinit$$0000001D  c_p.l(libinit2.o)
    0x0000048e   0x0000048e   0x00000000   Code   RO         1448    .ARM.Collect$$libinit$$0000001F  c_p.l(libinit2.o)
    0x0000048e   0x0000048e   0x00000000   Code   RO         1450    .ARM.Collect$$libinit$$00000021  c_p.l(libinit2.o)
    0x0000048e   0x0000048e   0x00000000   Code   RO         1452    .ARM.Collect$$libinit$$00000023  c_p.l(libinit2.o)
    0x0000048e   0x0000048e   0x00000000   Code   RO         1454    .ARM.Collect$$libinit$$00000025  c_p.l(libinit2.o)
    0x0000048e   0x0000048e   0x00000000   Code   RO         1458    .ARM.Collect$$libinit$$0000002C  c_p.l(libinit2.o)
    0x0000048e   0x0000048e   0x00000000   Code   RO         1460    .ARM.Collect$$libinit$$0000002E  c_p.l(libinit2.o)
    0x0000048e   0x0000048e   0x00000000   Code   RO         1462    .ARM.Collect$$libinit$$00000030  c_p.l(libinit2.o)
    0x0000048e   0x0000048e   0x00000000   Code   RO         1464    .ARM.Collect$$libinit$$00000032  c_p.l(libinit2.o)
    0x0000048e   0x0000048e   0x00000002   Code   RO         1465    .ARM.Collect$$libinit$$00000033  c_p.l(libinit2.o)
    0x00000490   0x00000490   0x00000002   Code   RO         1663    .ARM.Collect$$libshutdown$$00000000  c_p.l(libshutdown.o)
    0x00000492   0x00000492   0x00000000   Code   RO         1621    .ARM.Collect$$libshutdown$$00000002  c_p.l(libshutdown2.o)
    0x00000492   0x00000492   0x00000000   Code   RO         1623    .ARM.Collect$$libshutdown$$00000004  c_p.l(libshutdown2.o)
    0x00000492   0x00000492   0x00000000   Code   RO         1625    .ARM.Collect$$libshutdown$$00000006  c_p.l(libshutdown2.o)
    0x00000492   0x00000492   0x00000000   Code   RO         1628    .ARM.Collect$$libshutdown$$00000009  c_p.l(libshutdown2.o)
    0x00000492   0x00000492   0x00000000   Code   RO         1631    .ARM.Collect$$libshutdown$$0000000C  c_p.l(libshutdown2.o)
    0x00000492   0x00000492   0x00000000   Code   RO         1633    .ARM.Collect$$libshutdown$$0000000E  c_p.l(libshutdown2.o)
    0x00000492   0x00000492   0x00000000   Code   RO         1636    .ARM.Collect$$libshutdown$$00000011  c_p.l(libshutdown2.o)
    0x00000492   0x00000492   0x00000002   Code   RO         1637    .ARM.Collect$$libshutdown$$00000012  c_p.l(libshutdown2.o)
    0x00000494   0x00000494   0x00000000   Code   RO         1383    .ARM.Collect$$rtentry$$00000000  c_p.l(__rtentry.o)
    0x00000494   0x00000494   0x00000000   Code   RO         1506    .ARM.Collect$$rtentry$$00000002  c_p.l(__rtentry2.o)
    0x00000494   0x00000494   0x00000004   Code   RO         1520    .ARM.Collect$$rtentry$$00000007  c_p.l(__rtentry7.o)
    0x00000498   0x00000498   0x00000000   Code   RO         1508    .ARM.Collect$$rtentry$$00000009  c_p.l(__rtentry2.o)
    0x00000498   0x00000498   0x00000004   Code   RO         1509    .ARM.Collect$$rtentry$$0000000A  c_p.l(__rtentry2.o)
    0x0000049c   0x0000049c   0x00000000   Code   RO         1511    .ARM.Collect$$rtentry$$0000000C  c_p.l(__rtentry2.o)
    0x0000049c   0x0000049c   0x00000008   Code   RO         1512    .ARM.Collect$$rtentry$$0000000D  c_p.l(__rtentry2.o)
    0x000004a4   0x000004a4   0x00000004   Code   RO         1521    .ARM.Collect$$rtentry$$00002718  c_p.l(__rtentry7.o)
    0x000004a8   0x000004a8   0x00000002   Code   RO         1604    .ARM.Collect$$rtexit$$00000000  c_p.l(rtexit.o)
    0x000004aa   0x000004aa   0x00000000   Code   RO         1641    .ARM.Collect$$rtexit$$00000002  c_p.l(rtexit2.o)
    0x000004aa   0x000004aa   0x00000004   Code   RO         1642    .ARM.Collect$$rtexit$$00000003  c_p.l(rtexit2.o)
    0x000004ae   0x000004ae   0x00000006   Code   RO         1643    .ARM.Collect$$rtexit$$00000004  c_p.l(rtexit2.o)
    0x000004b4   0x000004b4   0x0000009c   Code   RO         1225    .text               startup_mkl46z4.o
    0x00000550   0x00000550   0x0000015a   Code   RO         1351    .text               c_p.l(aeabi_sdiv.o)
    0x000006aa   0x000006aa   0x00000002   PAD
    0x000006ac   0x000006ac   0x00000448   Code   RO         1357    .text               fz_ps.l(ddiv.o)
    0x00000af4   0x00000af4   0x0000006c   Code   RO         1360    .text               fz_ps.l(dfixi.o)
    0x00000b60   0x00000b60   0x00000248   Code   RO         1362    .text               fz_ps.l(dmul.o)
    0x00000da8   0x00000da8   0x00000054   Code   RO         1364    .text               fz_ps.l(f2d.o)
    0x00000dfc   0x00000dfc   0x00000160   Code   RO         1366    .text               fz_ps.l(fdiv.o)
    0x00000f5c   0x00000f5c   0x0000005e   Code   RO         1369    .text               fz_ps.l(fflti.o)
    0x00000fba   0x00000fba   0x00000016   Code   RO         1413    .text               c_p.l(_rserrno.o)
    0x00000fd0   0x00000fd0   0x00000358   Code   RO         1466    .text               fz_ps.l(daddsub.o)
    0x00001328   0x00001328   0x0000000c   Code   RO         1500    .text               c_p.l(sys_exit.o)
    0x00001334   0x00001334   0x00000008   Code   RO         1530    .text               c_p.l(rt_errno_addr_intlibspace.o)
    0x0000133c   0x0000133c   0x00000090   Code   RO         1555    .text               fz_ps.l(dcmpin.o)
    0x000013cc   0x000013cc   0x00000060   Code   RO         1557    .text               fz_ps.l(dscalbn.o)
    0x0000142c   0x0000142c   0x00000002   Code   RO         1565    .text               c_p.l(use_no_semi.o)
    0x0000142e   0x0000142e   0x00000000   Code   RO         1567    .text               c_p.l(indicate_semi.o)
    0x0000142e   0x0000142e   0x00000010   Code   RO         1575    .text               c_p.l(exit.o)
    0x0000143e   0x0000143e   0x0000002e   Code   RO         1597    .text               fz_ps.l(cmpret.o)
    0x0000146c   0x0000146c   0x00000014   Code   RO         1599    .text               fz_ps.l(dnan2.o)
    0x00001480   0x00001480   0x0000005e   Code   RO         1638    .text               fz_ps.l(retnan.o)
    0x000014de   0x000014de   0x00000002   PAD
    0x000014e0   0x000014e0   0x00000018   Code   RO          960    i.I2C0_DriverIRQHandler  fsl_i2c.o
    0x000014f8   0x000014f8   0x00000018   Code   RO          961    i.I2C1_DriverIRQHandler  fsl_i2c.o
    0x00001510   0x00001510   0x00000024   Code   RO          997    i.I2C_TransferCommonIRQHandler  fsl_i2c.o
    0x00001534   0x00001534   0x00000034   Code   RO           70    i.I2C_init          mag3110.o
    0x00001568   0x00001568   0x0000000c   Code   RO           71    i.I2C_read_byte     mag3110.o
    0x00001574   0x00001574   0x0000000c   Code   RO           72    i.I2C_write_byte    mag3110.o
    0x00001580   0x00001580   0x000000dc   Code   RO          193    i.LCD_Init          lcd.o
    0x0000165c   0x0000165c   0x00000040   Code   RO          194    i.LCD_Number        lcd.o
    0x0000169c   0x0000169c   0x00000048   Code   RO          195    i.LCD_Print         lcd.o
    0x000016e4   0x000016e4   0x00000088   Code   RO           73    i.MAG3110_read      mag3110.o
    0x0000176c   0x0000176c   0x00000060   Code   RO           74    i.MAG3110_write     mag3110.o
    0x000017cc   0x000017cc   0x0000001c   Code   RO           75    i.MAG_init          mag3110.o
    0x000017e8   0x000017e8   0x0000006e   Code   RO           76    i.MAG_read          mag3110.o
    0x00001856   0x00001856   0x00000002   PAD
    0x00001858   0x00001858   0x0000004c   Code   RO          135    i.PORTC_PORTD_IRQHandler  system.o
    0x000018a4   0x000018a4   0x00000038   Code   RO          136    i.SysTick_Handler   system.o
    0x000018dc   0x000018dc   0x00000014   Code   RO         1232    i.SystemInit        system_mkl46z4.o
    0x000018f0   0x000018f0   0x00000002   Code   RO         1233    i.SystemInitHook    system_mkl46z4.o
    0x000018f2   0x000018f2   0x00000002   PAD
    0x000018f4   0x000018f4   0x0000002c   Code   RO         1561    i.__ARM_fpclassify  m_ps.l(fpclassify.o)
    0x00001920   0x00001920   0x00000044   Code   RO          137    i.__NVIC_SetPriority  system.o
    0x00001964   0x00001964   0x000000ac   Code   RO         1563    i.__kernel_poly     m_ps.l(poly.o)
    0x00001a10   0x00001a10   0x0000000a   Code   RO         1482    i.__mathlib_dbl_infnan  m_ps.l(dunder.o)
    0x00001a1a   0x00001a1a   0x00000008   Code   RO         1483    i.__mathlib_dbl_infnan2  m_ps.l(dunder.o)
    0x00001a22   0x00001a22   0x00000002   PAD
    0x00001a24   0x00001a24   0x00000014   Code   RO         1487    i.__mathlib_dbl_underflow  m_ps.l(dunder.o)
    0x00001a38   0x00001a38   0x0000021c   Code   RO         1472    i.atan              m_ps.l(atan.o)
    0x00001c54   0x00001c54   0x0000019c   Code   RO         1374    i.atan2             m_ps.l(atan2.o)
    0x00001df0   0x00001df0   0x00000044   Code   RO          138    i.control_LEDs      system.o
    0x00001e34   0x00001e34   0x00000018   Code   RO           77    i.delay             mag3110.o
    0x00001e4c   0x00001e4c   0x000000d4   Code   RO          139    i.init_system       system.o
    0x00001f20   0x00001f20   0x00000128   Code   RO            5    i.main              main.o
    0x00002048   0x00002048   0x00000064   Code   RO         1468    x$fpl$deqf          fz_ps.l(deqf.o)
    0x000020ac   0x000020ac   0x000000b0   Code   RO         1371    x$fpl$fmul          fz_ps.l(fmul.o)
    0x0000215c   0x0000215c   0x00000000   Code   RO         1470    x$fpl$usenofp       fz_ps.l(usenofp.o)
    0x0000215c   0x0000215c   0x00000080   Data   RO         1358    .constdata          fz_ps.l(ddiv.o)
    0x000021dc   0x000021dc   0x00000040   Data   RO         1367    .constdata          fz_ps.l(fdiv.o)
    0x0000221c   0x0000221c   0x00000004   PAD
    0x00002220   0x00002220   0x00000098   Data   RO         1473    .constdata          m_ps.l(atan.o)
    0x000022b8   0x000022b8   0x00000008   Data   RO         1495    .constdata          m_ps.l(qnan.o)
    0x000022c0   0x000022c0   0x00000020   Data   RO         1664    Region$$Table       anon$$obj.o


    Execution Region RW_m_data (Exec base: 0x1fffe000, Load base: 0x000022e0, Size: 0x000000b4, Max: 0x00007800, ABSOLUTE)

    Exec Addr    Load Addr    Size         Type   Attr      Idx    E Section Name        Object

    0x1fffe000   0x000022e0   0x00000004   Data   RW            6    .data               main.o
    0x1fffe004   0x000022e4   0x00000004   Data   RW           78    .data               mag3110.o
    0x1fffe008   0x000022e8   0x00000010   Data   RW          140    .data               system.o
    0x1fffe018   0x000022f8   0x00000028   Data   RW          196    .data               lcd.o
    0x1fffe040   0x00002320   0x00000010   Data   RW         1000    .data               fsl_i2c.o
    0x1fffe050   0x00002330   0x00000004   Data   RW         1234    .data               system_mkl46z4.o
    0x1fffe054        -       0x00000060   Zero   RW         1503    .bss                c_p.l(libspace.o)


    Execution Region ARM_LIB_HEAP (Exec base: 0x1fffe0b4, Load base: 0x00002334, Size: 0x00000400, Max: 0x00000400, ABSOLUTE)

    Exec Addr    Load Addr    Size         Type   Attr      Idx    E Section Name        Object

    0x1fffe0b4        -       0x00000400   Zero   RW            1    ARM_LIB_HEAP.bss    anon$$obj.o


    Execution Region ARM_LIB_STACK (Exec base: 0x20005c00, Load base: 0x00002334, Size: 0x00000400, Max: 0x00000400, ABSOLUTE)

    Exec Addr    Load Addr    Size         Type   Attr      Idx    E Section Name        Object

    0x20005c00        -       0x00000400   Zero   RW            2    ARM_LIB_STACK.bss   anon$$obj.o


==============================================================================

Image component sizes


      Code (inc. data)   RO Data    RW Data    ZI Data      Debug   Object Name

        84         24          0         16          0      16232   fsl_i2c.o
       356         60          0         40          0       2388   lcd.o
       470         36          0          4          0       4209   mag3110.o
       296         28          0          4          0     281310   main.o
       156         70        208          0          0       1156   startup_mkl46z4.o
       480         82          0         16          0       9950   system.o
        22          6          0          4          0       1092   system_mkl46z4.o

    ----------------------------------------------------------------------
      1868        306        240         84       2048     316337   Object Totals
         0          0         32          0       2048          0   (incl. Generated)
         4          0          0          0          0          0   (incl. Padding)

    ----------------------------------------------------------------------

      Code (inc. data)   RO Data    RW Data    ZI Data      Debug   Library Member Name

         8          0          0          0          0         68   __main.o
         0          0          0          0          0          0   __rtentry.o
        12          0          0          0          0          0   __rtentry2.o
         8          4          0          0          0          0   __rtentry7.o
        60          8          0          0          0          0   __scatter.o
        26          0          0          0          0          0   __scatter_copy.o
        28          0          0          0          0          0   __scatter_zi.o
        22          0          0          0          0         92   _rserrno.o
       346          0          0          0          0         92   aeabi_sdiv.o
        16          0          0          0          0         68   exit.o
         0          0          0          0          0          0   indicate_semi.o
         2          0          0          0          0          0   libinit.o
         2          0          0          0          0          0   libinit2.o
         2          0          0          0          0          0   libshutdown.o
         2          0          0          0          0          0   libshutdown2.o
         0          0          0          0         96          0   libspace.o
         8          4          0          0          0         68   rt_errno_addr_intlibspace.o
         2          0          0          0          0          0   rtexit.o
        10          0          0          0          0          0   rtexit2.o
        12          4          0          0          0         60   sys_exit.o
         2          0          0          0          0         68   use_no_semi.o
        46          0          0          0          0         60   cmpret.o
       856         20          0          0          0        208   daddsub.o
       144          4          0          0          0         76   dcmpin.o
      1096         26        128          0          0        112   ddiv.o
       100          4          0          0          0         92   deqf.o
       108         10          0          0          0         72   dfixi.o
       584         26          0          0          0         84   dmul.o
        20          6          0          0          0         68   dnan2.o
        96         12          0          0          0         72   dscalbn.o
        84          4          0          0          0         60   f2d.o
       352         10         64          0          0         92   fdiv.o
        94          0          0          0          0         92   fflti.o
       176          4          0          0          0         80   fmul.o
        94          0          0          0          0         68   retnan.o
         0          0          0          0          0          0   usenofp.o
       540         68        152          0          0        112   atan.o
       412         40          0          0          0        144   atan2.o
        38          6          0          0          0        204   dunder.o
        44          4          0          0          0         60   fpclassify.o
       172          0          0          0          0         76   poly.o
         0          0          8          0          0          0   qnan.o

    ----------------------------------------------------------------------
      5632        264        356          0         96       2348   Library Totals
         8          0          4          0          0          0   (incl. Padding)

    ----------------------------------------------------------------------

      Code (inc. data)   RO Data    RW Data    ZI Data      Debug   Library Name

       568         20          0          0         96        516   c_p.l
      3850        126        192          0          0       1236   fz_ps.l
      1206        118        160          0          0        596   m_ps.l

    ----------------------------------------------------------------------
      5632        264        356          0         96       2348   Library Totals

    ----------------------------------------------------------------------

==============================================================================


      Code (inc. data)   RO Data    RW Data    ZI Data      Debug   

      7500        570        596         84       2144     316817   Grand Totals
      7500        570        596         84       2144     316817   ELF Image Totals
      7500        570        596         84          0          0   ROM Totals

==============================================================================

    Total RO  Size (Code + RO Data)                 8096 (   7.91kB)
    Total RW  Size (RW Data + ZI Data)              2228 (   2.18kB)
    Total ROM Size (Code + RO Data + RW Data)       8180 (   7.99kB)

==============================================================================

